ds4: CUDA backend initialized on NVIDIA GeForce RTX 3060 (sm_86)
ds4: CUDA loading model tensors into device cache
ds4: CUDA startup cache excluded 72.56 GiB of routed-expert tensors; dedicated expert cache owns residency
ds4: CUDA startup cache excluded 0.99 GiB token embedding table; row staging owns access
ds4: CUDA startup model cache prepared 7.21 GiB of tensor spans in 5.033s
ds4: cuda backend initialized for graph diagnostics
0716 11:25:17 ds4-server: context buffers 333.21 MiB (ctx=8192, backend=cuda, prefill_chunk=2048, raw_kv_rows=2304, compressed_kv_rows=2050)
ds4: CUDA dynamic arena ready 30.00 GiB, 4551 slots, 6.75 MiB/slot, available_ram=15.22 GiB bytes=32211468288 slot_bytes=7077888
0716 11:25:21 ds4-server: listening on http://127.0.0.1:8000
0716 11:25:22 ds4-server: chat ctx=0..43:43 prompt start
ds4: [prefill-mass] armed slots=4551 layers=3..42 router=unbiased residency=prefill-ranked policy=bulk-wrap
ds4: CUDA loading model tensors 6.22 GiB cached
ds4: CUDA loading model tensors 5.45 GiB cached
ds4: [prefill-mass-compose] hash_layers=3 hash_seed_entries=768 ranked_entries=3783 total_candidate=4551 capacity=4551 candidate_fnv1a64=c59a437fe9c6c376 sparse_skipped_ranked=0 mass_source=full-probability-normalized-per-token
ds4: [prefill-mass] finalize layers=40 rows_min=43 rows_max=43 routed_slots=10320 unique=10240 candidate=4551 capacity=4551 mass_total=1720.000000 mass_candidate=1010.291848 mass_coverage=0.5874 cutoff=0.170601 router=unbiased residency=prefill-ranked policy=bulk-wrap
ds4: [arena] begin base=0 target=1 resident=4551 loads=4551 slots=4551
ds4: [arena-wrap-trim] result=complete calls=2 succeeded=2 failed=0 seconds=3.700502 last_error=0
ds4: [arena] publish generation=1 loads=4551
ds4: [arena-wrap-profile] result=published schedule=source-parts source=mmap checksum=fnv1a64-worker-only loads=4551 workers=8 begin=0.007 copy_checksum=32.285 finish=0.010 publish=0.011 total=32.312 source_parts_copy=32.285 source_parts_checksum=0.000 parts=13653 copy_workers=8 checksum_workers=0 file_qd=1 file_qd_observed=1 file_submits=0 file_completions=0 file_failures=0
ds4: [prefill-mass-compose-mask] result=applied reason=ok layers=40 kept=3783 pruned=6457 semantics=request-scoped-closed base=none existing_layers=0
ds4: [prefill-mass-wrap] result=published reason=ok candidate=4551 loads=4551 workers=8 seconds=32.312 snapshot_before=0 snapshot_after=1 resident_before=0 resident_after=4551 generation=1 preloaded=0 router=unbiased mask=request-scoped-closed
0716 11:26:20 ds4-server: chat ctx=0..43:43 prompt done 57.913s
ds4: CUDA embedding row staging ready (pinned host + device, 0.01 MiB)
ds4: CUDA loading model tensors 6.17 GiB cached
ds4: expert tiering active mode=enforce policy=mass-lfru compose_prefill_mass_tiering=1 snapshot_generation=1 snapshot_backing_entries=4551 clock_calls=430 replacement_budget=16 min_frequency=3 hysteresis=1.25 entries=11008 ram_slots=4551
ds4: CUDA resident expert cache ready: 133/320 experts, 6.75 MiB/expert, 0.88 GiB total
ds4: CUDA GPU-resident route resolver active: exact miss worker, 133 slots
ds4: [gpu-route-debug] request seq=1 layer=0 misses=6
ds4: [gpu-route-debug] submit seq=1 layer=0
ds4: [gpu-route-debug] request seq=2 layer=1 misses=6
ds4: [gpu-route-debug] submit seq=2 layer=1
ds4: CUDA loading model tensors 5.30 GiB cached
ds4: CUDA loading model tensors 5.29 GiB cached
ds4: CUDA loading model tensors 5.29 GiB cached
ds4: CUDA loading model tensors 5.14 GiB cached
ds4: CUDA loading model tensors 5.28 GiB cached
ds4: CUDA loading model tensors 5.27 GiB cached
ds4: CUDA loading model tensors 5.26 GiB cached
ds4: CUDA loading model tensors 5.29 GiB cached
ds4: CUDA loading model tensors 5.30 GiB cached
ds4: CUDA loading model tensors 5.29 GiB cached
ds4: CUDA loading model tensors 5.29 GiB cached
ds4: CUDA loading model tensors 5.30 GiB cached
ds4: CUDA loading model tensors 5.28 GiB cached
ds4: CUDA loading model tensors 5.29 GiB cached
ds4: CUDA loading model tensors 5.30 GiB cached
ds4: CUDA loading model tensors 4.86 GiB cached
ds4: CUDA loading model tensors 5.26 GiB cached
ds4: CUDA loading model tensors 5.28 GiB cached
ds4: CUDA loading model tensors 5.01 GiB cached
ds4: CUDA loading model tensors 5.30 GiB cached
ds4: CUDA loading model tensors 5.31 GiB cached
ds4: CUDA loading model tensors 5.29 GiB cached
ds4: CUDA loading model tensors 5.29 GiB cached
ds4: CUDA loading model tensors 4.95 GiB cached
ds4: CUDA loading model tensors 5.28 GiB cached
ds4: CUDA loading model tensors 5.29 GiB cached
ds4: CUDA loading model tensors 5.07 GiB cached
ds4: CUDA loading model tensors 5.28 GiB cached
ds4: CUDA loading model tensors 5.30 GiB cached
ds4: CUDA loading model tensors 5.20 GiB cached
ds4: CUDA loading model tensors 5.30 GiB cached
ds4: CUDA loading model tensors 5.30 GiB cached
ds4: CUDA loading model tensors 5.14 GiB cached
ds4: CUDA loading model tensors 5.30 GiB cached
ds4: CUDA loading model tensors 5.28 GiB cached
ds4: CUDA loading model tensors 5.27 GiB cached
ds4: CUDA loading model tensors 5.28 GiB cached
ds4: CUDA loading model tensors 5.30 GiB cached
ds4: CUDA loading model tensors 5.30 GiB cached
ds4: CUDA loading model tensors 5.30 GiB cached
ds4: CUDA loading model tensors 5.28 GiB cached
ds4: CUDA loading model tensors 5.29 GiB cached
ds4: CUDA loading model tensors 5.28 GiB cached
ds4: CUDA loading model tensors 5.27 GiB cached
ds4: CUDA loading model tensors 5.29 GiB cached
ds4: CUDA loading model tensors 5.29 GiB cached
ds4: CUDA loading model tensors 5.25 GiB cached
ds4: CUDA loading model tensors 5.27 GiB cached
ds4: CUDA loading model tensors 5.29 GiB cached
ds4: CUDA loading model tensors 5.26 GiB cached
ds4: CUDA loading model tensors 5.28 GiB cached
ds4: CUDA loading model tensors 5.27 GiB cached
ds4: CUDA loading model tensors 5.28 GiB cached
ds4: CUDA loading model tensors 5.29 GiB cached
ds4: CUDA loading model tensors 5.29 GiB cached
ds4: CUDA loading model tensors 5.25 GiB cached
ds4: CUDA loading model tensors 5.29 GiB cached
ds4: CUDA loading model tensors 5.29 GiB cached
0716 11:36:10 ds4-server: chat ctx=0..43:43 gen=50 decoding chunk=0.08 t/s avg=0.08 t/s 590.099s
ds4: CUDA loading model tensors 5.28 GiB cached
ds4: CUDA loading model tensors 5.29 GiB cached
ds4: CUDA loading model tensors 5.28 GiB cached
ds4: CUDA loading model tensors 5.27 GiB cached
ds4: CUDA loading model tensors 5.28 GiB cached
ds4: CUDA loading model tensors 5.30 GiB cached
ds4: CUDA loading model tensors 5.27 GiB cached
ds4: CUDA loading model tensors 5.28 GiB cached
ds4: CUDA loading model tensors 5.27 GiB cached
