ds4: CUDA backend initialized on NVIDIA GeForce RTX 3060 (sm_86)
ds4: CUDA registered 2.00 GiB contiguous host window (of 80.76 GiB model) for zero-copy device access
ds4: CUDA fd-cached tensor-span:1 1020.40 MiB (total 1.00 GiB)
ds4: CUDA fd-cached tensor-span:2 1015.67 MiB (total 1.99 GiB)
ds4: CUDA fd-cached tensor-span:3 1012.67 MiB (total 2.98 GiB)
ds4: CUDA fd-cached tensor-span:4 996.65 MiB (total 3.95 GiB)
ds4: CUDA fd-cached tensor-span:5 1021.44 MiB (total 4.95 GiB)
ds4: CUDA fd-cached tensor-span:6 997.03 MiB (total 5.92 GiB)
ds4: CUDA fd-cached tensor-span:7 774.34 MiB (total 6.68 GiB)
ds4: CUDA startup cache excluded 72.56 GiB of routed-expert tensors; dedicated expert cache owns residency
ds4: CUDA startup cache excluded 0.99 GiB token embedding table; row staging owns access
ds4: CUDA startup cache deferred 0.52 GiB of tensor spans to on-demand streaming
ds4: CUDA startup model cache prepared 6.69 GiB of tensor spans in 1.960s
ds4: CUDA stream reserve startup=4.00 GiB runtime=0.12 GiB switch=expert-cache-ready
ds4: cuda backend initialized for graph diagnostics
0715 03:27:33 ds4-server: context buffers 25.17 MiB (ctx=256, backend=cuda, prefill_chunk=256, raw_kv_rows=256, compressed_kv_rows=66)
0715 03:27:33 ds4-server: listening on http://127.0.0.1:8000
0715 03:27:34 ds4-server: chat ctx=0..5:5 prompt start
ds4: CUDA evicted streamed range (evicts=1)
ds4: CUDA resident expert cache ready: 48/48 experts, 6.75 MiB/expert, 0.32 GiB total
ds4: CUDA stream runtime reserve activated: 4.00 GiB -> 0.12 GiB
ds4: CUDA MoE selected-load slots=30 compact=27 gate/up 55.69 MiB down 70.88 MiB
ds4: CUDA MoE selected-load slots=30 compact=28 gate/up 57.75 MiB down 73.50 MiB
ds4: CUDA MoE selected-load slots=30 compact=20 gate/up 41.25 MiB down 52.50 MiB
ds4: CUDA MoE selected-load slots=30 compact=22 gate/up 45.38 MiB down 57.75 MiB
ds4: CUDA MoE selected-load slots=30 compact=22 gate/up 45.38 MiB down 57.75 MiB
ds4: CUDA fd-cached f16 0.75 MiB (total 5.69 GiB)
ds4: CUDA fd-cached hc_scale 0.00 MiB (total 5.69 GiB)
ds4: CUDA fd-cached hc_base 0.00 MiB (total 5.69 GiB)
ds4: CUDA fd-cached rms_weight 0.02 MiB (total 5.69 GiB)
ds4: CUDA fd-cached q8_0 4.25 MiB (total 5.69 GiB)
ds4: CUDA fd-cached q8_0 34.00 MiB (total 5.72 GiB)
ds4: CUDA fd-cached f16 0.75 MiB (total 5.72 GiB)
ds4: CUDA fd-cached hc_scale 0.00 MiB (total 5.72 GiB)
ds4: CUDA fd-cached hc_base 0.00 MiB (total 5.72 GiB)
ds4: CUDA fd-cached rms_weight 0.02 MiB (total 5.72 GiB)
ds4: CUDA fd-cached f16 2.00 MiB (total 5.73 GiB)
ds4: CUDA fd-cached router_bias 0.00 MiB (total 5.73 GiB)
ds4: CUDA MoE selected-load slots=30 compact=23 gate/up 47.44 MiB down 60.38 MiB
ds4: CUDA fd-cached q8_0 8.50 MiB (total 5.74 GiB)
ds4: CUDA fd-cached q8_0 8.50 MiB (total 5.74 GiB)
ds4: CUDA fd-cached q8_0 8.50 MiB (total 5.75 GiB)
ds4: CUDA fd-cached f16 0.75 MiB (total 5.75 GiB)
ds4: CUDA fd-cached hc_scale 0.00 MiB (total 5.75 GiB)
ds4: CUDA fd-cached hc_base 0.00 MiB (total 5.75 GiB)
ds4: CUDA fd-cached rms_weight 0.02 MiB (total 5.75 GiB)
ds4: CUDA fd-cached q8_0 4.25 MiB (total 5.76 GiB)
ds4: CUDA fd-cached q8_0 2.12 MiB (total 5.76 GiB)
ds4: CUDA fd-cached q_rms_weight 0.00 MiB (total 5.76 GiB)
ds4: CUDA fd-cached kv_rms_weight 0.00 MiB (total 5.76 GiB)
ds4: CUDA fd-cached q8_0 34.00 MiB (total 5.79 GiB)
ds4: CUDA fd-cached f16 4.00 MiB (total 5.80 GiB)
ds4: CUDA fd-cached f16 4.00 MiB (total 5.80 GiB)
ds4: CUDA fd-cached compressor_ape 0.12 MiB (total 5.80 GiB)
ds4: CUDA fd-cached attn_sinks 0.00 MiB (total 5.80 GiB)
ds4: CUDA fd-cached attn_out_a 34.00 MiB (total 5.83 GiB)
ds4: CUDA fd-cached attn_out_b 34.00 MiB (total 5.87 GiB)
ds4: CUDA fd-cached f16 0.75 MiB (total 5.87 GiB)
ds4: CUDA fd-cached hc_scale 0.00 MiB (total 5.87 GiB)
ds4: CUDA fd-cached hc_base 0.00 MiB (total 5.87 GiB)
ds4: CUDA fd-cached rms_weight 0.02 MiB (total 5.87 GiB)
ds4: CUDA fd-cached f16 2.00 MiB (total 5.87 GiB)
ds4: CUDA fd-cached router_bias 0.00 MiB (total 5.87 GiB)
ds4: CUDA MoE selected-load slots=30 compact=20 gate/up 41.25 MiB down 52.50 MiB
ds4: CUDA fd-cached q8_0 8.50 MiB (total 5.88 GiB)
ds4: CUDA fd-cached q8_0 8.50 MiB (total 5.89 GiB)
ds4: CUDA fd-cached q8_0 8.50 MiB (total 5.89 GiB)
ds4: CUDA fd-cached f16 0.75 MiB (total 5.89 GiB)
ds4: CUDA fd-cached hc_scale 0.00 MiB (total 5.89 GiB)
ds4: CUDA fd-cached hc_base 0.00 MiB (total 5.89 GiB)
ds4: CUDA fd-cached rms_weight 0.02 MiB (total 5.89 GiB)
ds4: CUDA fd-cached q8_0 4.25 MiB (total 5.90 GiB)
ds4: CUDA fd-cached q8_0 2.12 MiB (total 5.90 GiB)
ds4: CUDA fd-cached q_rms_weight 0.00 MiB (total 5.90 GiB)
ds4: CUDA fd-cached kv_rms_weight 0.00 MiB (total 5.90 GiB)
ds4: CUDA fd-cached q8_0 34.00 MiB (total 5.93 GiB)
ds4: CUDA fd-cached f16 8.00 MiB (total 5.94 GiB)
ds4: CUDA fd-cached f16 8.00 MiB (total 5.95 GiB)
ds4: CUDA fd-cached compressor_ape 0.01 MiB (total 5.95 GiB)
ds4: CUDA fd-cached rms_weight 0.00 MiB (total 5.95 GiB)
ds4: CUDA fd-cached f16 2.00 MiB (total 5.95 GiB)
ds4: CUDA fd-cached f16 2.00 MiB (total 5.95 GiB)
ds4: CUDA fd-cached f16 16.00 MiB (total 5.97 GiB)
ds4: CUDA fd-cached f16 0.50 MiB (total 5.97 GiB)
ds4: CUDA fd-cached compressor_ape 0.00 MiB (total 5.97 GiB)
ds4: CUDA fd-cached rms_weight 0.00 MiB (total 5.97 GiB)
ds4: CUDA fd-cached attn_sinks 0.00 MiB (total 5.97 GiB)
ds4: CUDA fd-cached attn_out_a 34.00 MiB (total 6.00 GiB)
ds4: CUDA fd-cached attn_out_b 34.00 MiB (total 6.04 GiB)
ds4: CUDA fd-cached f16 0.75 MiB (total 6.04 GiB)
ds4: CUDA fd-cached hc_scale 0.00 MiB (total 6.04 GiB)
ds4: CUDA fd-cached hc_base 0.00 MiB (total 6.04 GiB)
ds4: CUDA fd-cached rms_weight 0.02 MiB (total 6.04 GiB)
ds4: CUDA fd-cached f16 2.00 MiB (total 6.04 GiB)
ds4: CUDA fd-cached router_bias 0.00 MiB (total 6.04 GiB)
ds4: CUDA MoE selected-load slots=30 compact=18 gate/up 37.12 MiB down 47.25 MiB
ds4: CUDA fd-cached q8_0 8.50 MiB (total 6.05 GiB)
ds4: CUDA fd-cached q8_0 8.50 MiB (total 6.06 GiB)
ds4: CUDA fd-cached q8_0 8.50 MiB (total 6.06 GiB)
ds4: CUDA fd-cached f16 0.75 MiB (total 6.06 GiB)
ds4: CUDA fd-cached hc_scale 0.00 MiB (total 6.06 GiB)
ds4: CUDA fd-cached hc_base 0.00 MiB (total 6.06 GiB)
ds4: CUDA fd-cached rms_weight 0.02 MiB (total 6.06 GiB)
ds4: CUDA fd-cached q8_0 4.25 MiB (total 6.07 GiB)
ds4: CUDA fd-cached q8_0 2.12 MiB (total 6.07 GiB)
ds4: CUDA fd-cached q_rms_weight 0.00 MiB (total 6.07 GiB)
ds4: CUDA fd-cached kv_rms_weight 0.00 MiB (total 6.07 GiB)
ds4: CUDA fd-cached q8_0 34.00 MiB (total 6.10 GiB)
ds4: CUDA fd-cached f16 4.00 MiB (total 6.11 GiB)
ds4: CUDA fd-cached f16 4.00 MiB (total 6.11 GiB)
ds4: CUDA fd-cached compressor_ape 0.12 MiB (total 6.11 GiB)
ds4: CUDA fd-cached attn_sinks 0.00 MiB (total 6.11 GiB)
ds4: CUDA fd-cached attn_out_a 34.00 MiB (total 6.15 GiB)
ds4: CUDA fd-cached attn_out_b 34.00 MiB (total 6.18 GiB)
ds4: CUDA fd-cached f16 0.75 MiB (total 6.18 GiB)
ds4: CUDA fd-cached hc_scale 0.00 MiB (total 6.18 GiB)
ds4: CUDA fd-cached hc_base 0.00 MiB (total 6.18 GiB)
ds4: CUDA fd-cached rms_weight 0.02 MiB (total 6.18 GiB)
ds4: CUDA fd-cached f16 2.00 MiB (total 6.18 GiB)
ds4: CUDA fd-cached router_bias 0.00 MiB (total 6.18 GiB)
ds4: CUDA MoE selected-load slots=30 compact=22 gate/up 45.38 MiB down 57.75 MiB
ds4: CUDA fd-cached q8_0 8.50 MiB (total 6.19 GiB)
ds4: CUDA fd-cached q8_0 8.50 MiB (total 6.20 GiB)
ds4: CUDA fd-cached q8_0 8.50 MiB (total 6.21 GiB)
ds4: CUDA fd-cached f16 0.75 MiB (total 6.21 GiB)
ds4: CUDA fd-cached hc_scale 0.00 MiB (total 6.21 GiB)
ds4: CUDA fd-cached hc_base 0.00 MiB (total 6.21 GiB)
ds4: CUDA fd-cached rms_weight 0.02 MiB (total 6.21 GiB)
ds4: CUDA fd-cached q8_0 4.25 MiB (total 6.21 GiB)
ds4: CUDA fd-cached q8_0 2.12 MiB (total 6.21 GiB)
ds4: CUDA fd-cached q_rms_weight 0.00 MiB (total 6.21 GiB)
ds4: CUDA fd-cached kv_rms_weight 0.00 MiB (total 6.21 GiB)
ds4: CUDA fd-cached q8_0 34.00 MiB (total 6.25 GiB)
ds4: CUDA fd-cached f16 8.00 MiB (total 6.25 GiB)
ds4: CUDA fd-cached f16 8.00 MiB (total 6.26 GiB)
ds4: CUDA fd-cached compressor_ape 0.01 MiB (total 6.26 GiB)
ds4: CUDA fd-cached rms_weight 0.00 MiB (total 6.26 GiB)
ds4: CUDA fd-cached f16 2.00 MiB (total 6.26 GiB)
ds4: CUDA fd-cached f16 2.00 MiB (total 6.27 GiB)
ds4: CUDA fd-cached f16 16.00 MiB (total 6.28 GiB)
ds4: CUDA fd-cached f16 0.50 MiB (total 6.28 GiB)
ds4: CUDA fd-cached compressor_ape 0.00 MiB (total 6.28 GiB)
ds4: CUDA fd-cached rms_weight 0.00 MiB (total 6.28 GiB)
ds4: CUDA fd-cached attn_sinks 0.00 MiB (total 6.28 GiB)
ds4: CUDA fd-cached attn_out_a 34.00 MiB (total 6.31 GiB)
ds4: CUDA fd-cached attn_out_b 34.00 MiB (total 6.35 GiB)
ds4: CUDA fd-cached f16 0.75 MiB (total 6.35 GiB)
ds4: CUDA fd-cached hc_scale 0.00 MiB (total 6.35 GiB)
ds4: CUDA fd-cached hc_base 0.00 MiB (total 6.35 GiB)
ds4: CUDA fd-cached rms_weight 0.02 MiB (total 6.35 GiB)
ds4: CUDA fd-cached f16 2.00 MiB (total 6.35 GiB)
ds4: CUDA fd-cached router_bias 0.00 MiB (total 6.35 GiB)
ds4: CUDA MoE selected-load slots=30 compact=21 gate/up 43.31 MiB down 55.12 MiB
ds4: CUDA fd-cached q8_0 8.50 MiB (total 6.36 GiB)
ds4: CUDA fd-cached q8_0 8.50 MiB (total 6.37 GiB)
ds4: CUDA fd-cached q8_0 8.50 MiB (total 6.38 GiB)
ds4: CUDA fd-cached f16 0.75 MiB (total 6.38 GiB)
ds4: CUDA fd-cached hc_scale 0.00 MiB (total 6.38 GiB)
ds4: CUDA fd-cached hc_base 0.00 MiB (total 6.38 GiB)
ds4: CUDA fd-cached rms_weight 0.02 MiB (total 6.38 GiB)
ds4: CUDA fd-cached q8_0 4.25 MiB (total 6.38 GiB)
ds4: CUDA fd-cached q8_0 2.12 MiB (total 6.38 GiB)
ds4: CUDA fd-cached q_rms_weight 0.00 MiB (total 6.38 GiB)
ds4: CUDA fd-cached kv_rms_weight 0.00 MiB (total 6.38 GiB)
ds4: CUDA fd-cached q8_0 34.00 MiB (total 6.42 GiB)
ds4: CUDA fd-cached f16 4.00 MiB (total 6.42 GiB)
ds4: CUDA fd-cached f16 4.00 MiB (total 6.42 GiB)
ds4: CUDA fd-cached compressor_ape 0.12 MiB (total 6.42 GiB)
ds4: CUDA fd-cached attn_sinks 0.00 MiB (total 6.42 GiB)
ds4: CUDA fd-cached attn_out_a 34.00 MiB (total 6.46 GiB)
ds4: CUDA fd-cached attn_out_b 34.00 MiB (total 6.49 GiB)
ds4: CUDA fd-cached f16 0.75 MiB (total 6.49 GiB)
ds4: CUDA fd-cached hc_scale 0.00 MiB (total 6.49 GiB)
ds4: CUDA fd-cached hc_base 0.00 MiB (total 6.49 GiB)
ds4: CUDA fd-cached rms_weight 0.02 MiB (total 6.49 GiB)
ds4: CUDA fd-cached f16 2.00 MiB (total 6.49 GiB)
ds4: CUDA fd-cached router_bias 0.00 MiB (total 6.49 GiB)
ds4: CUDA MoE selected-load slots=30 compact=19 gate/up 39.19 MiB down 49.88 MiB
ds4: CUDA fd-cached q8_0 8.50 MiB (total 6.50 GiB)
ds4: CUDA fd-cached q8_0 8.50 MiB (total 6.51 GiB)
ds4: CUDA fd-cached q8_0 8.50 MiB (total 6.52 GiB)
ds4: CUDA fd-cached rms_weight 0.02 MiB (total 6.52 GiB)
ds4: CUDA fd-cached q8_0 4.25 MiB (total 6.52 GiB)
ds4: CUDA fd-cached q8_0 2.12 MiB (total 6.52 GiB)
ds4: CUDA fd-cached q_rms_weight 0.00 MiB (total 6.52 GiB)
ds4: CUDA fd-cached kv_rms_weight 0.00 MiB (total 6.52 GiB)
ds4: CUDA fd-cached q8_0 34.00 MiB (total 6.56 GiB)
ds4: CUDA fd-cached f16 8.00 MiB (total 6.57 GiB)
ds4: CUDA fd-cached f16 8.00 MiB (total 6.57 GiB)
ds4: CUDA fd-cached compressor_ape 0.01 MiB (total 6.57 GiB)
ds4: CUDA fd-cached rms_weight 0.00 MiB (total 6.57 GiB)
ds4: CUDA fd-cached f16 2.00 MiB (total 6.57 GiB)
ds4: CUDA fd-cached f16 2.00 MiB (total 6.58 GiB)
ds4: CUDA fd-cached f16 16.00 MiB (total 6.59 GiB)
ds4: CUDA fd-cached f16 0.50 MiB (total 6.59 GiB)
ds4: CUDA fd-cached compressor_ape 0.00 MiB (total 6.59 GiB)
ds4: CUDA fd-cached rms_weight 0.00 MiB (total 6.59 GiB)
ds4: CUDA fd-cached attn_sinks 0.00 MiB (total 6.59 GiB)
ds4: CUDA fd-cached attn_out_a 34.00 MiB (total 6.63 GiB)
ds4: CUDA fd-cached attn_out_b 34.00 MiB (total 6.66 GiB)
ds4: CUDA fd-cached f16 2.00 MiB (total 6.66 GiB)
ds4: CUDA fd-cached router_bias 0.00 MiB (total 6.66 GiB)
ds4: CUDA MoE selected-load slots=30 compact=21 gate/up 43.31 MiB down 55.12 MiB
ds4: CUDA fd-cached q8_0 8.50 MiB (total 6.67 GiB)
ds4: CUDA fd-cached q8_0 8.50 MiB (total 6.68 GiB)
ds4: CUDA MoE selected-load slots=30 compact=18 gate/up 37.12 MiB down 47.25 MiB
ds4: CUDA MoE selected-load slots=30 compact=17 gate/up 35.06 MiB down 44.62 MiB
ds4: CUDA MoE selected-load slots=30 compact=19 gate/up 39.19 MiB down 49.88 MiB
ds4: CUDA MoE selected-load slots=30 compact=17 gate/up 35.06 MiB down 44.62 MiB
ds4: CUDA MoE selected-load slots=30 compact=17 gate/up 35.06 MiB down 44.62 MiB
ds4: CUDA MoE selected-load slots=30 compact=18 gate/up 37.12 MiB down 47.25 MiB
ds4: CUDA MoE selected-load slots=30 compact=24 gate/up 49.50 MiB down 63.00 MiB
ds4: CUDA MoE selected-load slots=30 compact=20 gate/up 41.25 MiB down 52.50 MiB
ds4: CUDA MoE selected-load slots=30 compact=17 gate/up 35.06 MiB down 44.62 MiB
ds4: CUDA MoE selected-load slots=30 compact=16 gate/up 33.00 MiB down 42.00 MiB
ds4: CUDA MoE selected-load slots=30 compact=20 gate/up 41.25 MiB down 52.50 MiB
ds4: CUDA MoE selected-load slots=30 compact=20 gate/up 41.25 MiB down 52.50 MiB
ds4: CUDA MoE selected-load slots=30 compact=19 gate/up 39.19 MiB down 49.88 MiB
ds4: CUDA MoE selected-load slots=30 compact=16 gate/up 33.00 MiB down 42.00 MiB
ds4: CUDA MoE selected-load slots=30 compact=19 gate/up 39.19 MiB down 49.88 MiB
ds4: CUDA MoE selected-load slots=30 compact=18 gate/up 37.12 MiB down 47.25 MiB
ds4: CUDA MoE selected-load slots=30 compact=16 gate/up 33.00 MiB down 42.00 MiB
ds4: CUDA MoE selected-load slots=30 compact=22 gate/up 45.38 MiB down 57.75 MiB
ds4: CUDA MoE selected-load slots=30 compact=17 gate/up 35.06 MiB down 44.62 MiB
ds4: CUDA MoE selected-load slots=30 compact=16 gate/up 33.00 MiB down 42.00 MiB
ds4: CUDA MoE selected-load slots=30 compact=18 gate/up 37.12 MiB down 47.25 MiB
ds4: CUDA MoE selected-load slots=30 compact=22 gate/up 45.38 MiB down 57.75 MiB
ds4: CUDA MoE selected-load slots=30 compact=19 gate/up 39.19 MiB down 49.88 MiB
ds4: CUDA MoE selected-load slots=30 compact=17 gate/up 35.06 MiB down 44.62 MiB
ds4: CUDA MoE selected-load slots=30 compact=23 gate/up 47.44 MiB down 60.38 MiB
ds4: CUDA MoE selected-load slots=30 compact=20 gate/up 41.25 MiB down 52.50 MiB
ds4: CUDA MoE selected-load slots=30 compact=23 gate/up 47.44 MiB down 60.38 MiB
ds4: CUDA MoE selected-load slots=30 compact=20 gate/up 41.25 MiB down 52.50 MiB
ds4: CUDA MoE selected-load slots=30 compact=25 gate/up 51.56 MiB down 65.62 MiB
ds4: [moecache] calls=42 layer=42 compact=23 cap=48 count=42 hits=0 misses=839 hit_rate=0.000 admissions=42 evictions=0 direct=797
ds4: CUDA MoE selected-load slots=30 compact=23 gate/up 47.44 MiB down 60.38 MiB
ds4: CUDA fd-cached rms_weight 0.02 MiB (total 6.68 GiB)
ds4: CUDA fd-cached q8_0 536.56 MiB (total 7.20 GiB)
0715 03:27:37 ds4-server: chat ctx=0..5:5 prompt done 2.639s
ds4: CUDA embedding row staging ready (pinned host + device, 0.01 MiB)
ds4: CUDA MoE mixed direct layer=1 cache_routes=1 compact_routes=5
ds4: CUDA MoE selected-load slots=6 compact=6 gate/up 12.38 MiB down 15.75 MiB
ds4: CUDA MoE mixed direct layer=2 cache_routes=1 compact_routes=5
ds4: CUDA MoE selected-load slots=6 compact=6 gate/up 12.38 MiB down 15.75 MiB
ds4: CUDA MoE mixed direct layer=3 cache_routes=1 compact_routes=5
ds4: CUDA MoE selected-load slots=6 compact=6 gate/up 12.38 MiB down 15.75 MiB
ds4: CUDA MoE mixed direct layer=4 cache_routes=1 compact_routes=5
ds4: CUDA MoE selected-load slots=6 compact=6 gate/up 12.38 MiB down 15.75 MiB
ds4: CUDA MoE mixed direct layer=5 cache_routes=1 compact_routes=5
ds4: CUDA MoE selected-load slots=6 compact=6 gate/up 12.38 MiB down 15.75 MiB
ds4: CUDA MoE mixed direct layer=6 cache_routes=1 compact_routes=5
ds4: CUDA MoE selected-load slots=6 compact=6 gate/up 12.38 MiB down 15.75 MiB
ds4: CUDA MoE mixed direct layer=7 cache_routes=1 compact_routes=5
ds4: CUDA MoE selected-load slots=6 compact=6 gate/up 12.38 MiB down 15.75 MiB
ds4: CUDA MoE mixed direct layer=8 cache_routes=1 compact_routes=5
ds4: CUDA MoE selected-load slots=6 compact=6 gate/up 12.38 MiB down 15.75 MiB
ds4: CUDA MoE mixed direct layer=9 cache_routes=1 compact_routes=5
ds4: CUDA MoE selected-load slots=6 compact=6 gate/up 12.38 MiB down 15.75 MiB
ds4: CUDA MoE mixed direct layer=10 cache_routes=1 compact_routes=5
ds4: CUDA MoE selected-load slots=6 compact=6 gate/up 12.38 MiB down 15.75 MiB
ds4: CUDA MoE mixed direct layer=11 cache_routes=1 compact_routes=5
ds4: CUDA MoE selected-load slots=6 compact=6 gate/up 12.38 MiB down 15.75 MiB
ds4: CUDA MoE mixed direct layer=12 cache_routes=1 compact_routes=5
ds4: CUDA MoE selected-load slots=6 compact=6 gate/up 12.38 MiB down 15.75 MiB
ds4: CUDA MoE mixed direct layer=13 cache_routes=1 compact_routes=5
ds4: CUDA MoE selected-load slots=6 compact=6 gate/up 12.38 MiB down 15.75 MiB
ds4: CUDA MoE mixed direct layer=14 cache_routes=1 compact_routes=5
ds4: CUDA MoE selected-load slots=6 compact=6 gate/up 12.38 MiB down 15.75 MiB
ds4: CUDA MoE mixed direct layer=15 cache_routes=1 compact_routes=5
ds4: CUDA MoE selected-load slots=6 compact=6 gate/up 12.38 MiB down 15.75 MiB
ds4: CUDA MoE mixed direct layer=16 cache_routes=1 compact_routes=5
ds4: CUDA MoE selected-load slots=6 compact=6 gate/up 12.38 MiB down 15.75 MiB
ds4: CUDA MoE mixed direct layer=17 cache_routes=1 compact_routes=5
ds4: CUDA MoE selected-load slots=6 compact=6 gate/up 12.38 MiB down 15.75 MiB
ds4: [selprof] calls=60 experts=947 fill=0.933s (0.99 ms/expert)
ds4: CUDA MoE mixed direct layer=18 cache_routes=1 compact_routes=5
ds4: CUDA MoE selected-load slots=6 compact=6 gate/up 12.38 MiB down 15.75 MiB
ds4: CUDA MoE mixed direct layer=19 cache_routes=1 compact_routes=5
ds4: CUDA MoE selected-load slots=6 compact=6 gate/up 12.38 MiB down 15.75 MiB
ds4: CUDA MoE mixed direct layer=20 cache_routes=1 compact_routes=5
ds4: CUDA MoE selected-load slots=6 compact=6 gate/up 12.38 MiB down 15.75 MiB
ds4: CUDA MoE mixed direct layer=21 cache_routes=1 compact_routes=5
ds4: CUDA MoE selected-load slots=6 compact=6 gate/up 12.38 MiB down 15.75 MiB
ds4: CUDA MoE mixed direct layer=22 cache_routes=1 compact_routes=5
ds4: CUDA MoE selected-load slots=6 compact=6 gate/up 12.38 MiB down 15.75 MiB
ds4: CUDA MoE mixed direct layer=23 cache_routes=1 compact_routes=5
ds4: CUDA MoE selected-load slots=6 compact=6 gate/up 12.38 MiB down 15.75 MiB
ds4: CUDA MoE mixed direct layer=24 cache_routes=1 compact_routes=5
ds4: CUDA MoE selected-load slots=6 compact=6 gate/up 12.38 MiB down 15.75 MiB
ds4: CUDA MoE mixed direct layer=25 cache_routes=1 compact_routes=5
ds4: CUDA MoE selected-load slots=6 compact=6 gate/up 12.38 MiB down 15.75 MiB
ds4: CUDA MoE mixed direct layer=26 cache_routes=1 compact_routes=5
ds4: CUDA MoE selected-load slots=6 compact=6 gate/up 12.38 MiB down 15.75 MiB
ds4: CUDA MoE mixed direct layer=27 cache_routes=1 compact_routes=5
ds4: CUDA MoE selected-load slots=6 compact=6 gate/up 12.38 MiB down 15.75 MiB
ds4: CUDA MoE mixed direct layer=28 cache_routes=1 compact_routes=5
ds4: CUDA MoE selected-load slots=6 compact=6 gate/up 12.38 MiB down 15.75 MiB
ds4: CUDA MoE mixed direct layer=29 cache_routes=1 compact_routes=5
ds4: CUDA MoE selected-load slots=6 compact=6 gate/up 12.38 MiB down 15.75 MiB
ds4: CUDA MoE mixed direct layer=30 cache_routes=1 compact_routes=5
ds4: CUDA MoE selected-load slots=6 compact=6 gate/up 12.38 MiB down 15.75 MiB
ds4: CUDA MoE mixed direct layer=31 cache_routes=1 compact_routes=5
ds4: CUDA MoE selected-load slots=6 compact=6 gate/up 12.38 MiB down 15.75 MiB
ds4: CUDA MoE mixed direct layer=32 cache_routes=1 compact_routes=5
ds4: CUDA MoE selected-load slots=6 compact=6 gate/up 12.38 MiB down 15.75 MiB
ds4: CUDA MoE mixed direct layer=33 cache_routes=1 compact_routes=5
ds4: CUDA MoE selected-load slots=6 compact=6 gate/up 12.38 MiB down 15.75 MiB
ds4: CUDA MoE mixed direct layer=34 cache_routes=1 compact_routes=5
ds4: CUDA MoE selected-load slots=6 compact=6 gate/up 12.38 MiB down 15.75 MiB
ds4: CUDA MoE mixed direct layer=35 cache_routes=1 compact_routes=5
ds4: CUDA MoE selected-load slots=6 compact=6 gate/up 12.38 MiB down 15.75 MiB
ds4: CUDA MoE mixed direct layer=36 cache_routes=1 compact_routes=5
ds4: CUDA MoE selected-load slots=6 compact=6 gate/up 12.38 MiB down 15.75 MiB
ds4: CUDA MoE mixed direct layer=37 cache_routes=1 compact_routes=5
ds4: CUDA MoE selected-load slots=6 compact=6 gate/up 12.38 MiB down 15.75 MiB
ds4: CUDA MoE mixed direct layer=38 cache_routes=1 compact_routes=5
ds4: CUDA MoE selected-load slots=6 compact=6 gate/up 12.38 MiB down 15.75 MiB
ds4: CUDA MoE mixed direct layer=39 cache_routes=1 compact_routes=5
ds4: CUDA MoE selected-load slots=6 compact=6 gate/up 12.38 MiB down 15.75 MiB
ds4: CUDA MoE mixed direct layer=40 cache_routes=1 compact_routes=5
ds4: CUDA MoE selected-load slots=6 compact=6 gate/up 12.38 MiB down 15.75 MiB
ds4: CUDA MoE mixed direct layer=41 cache_routes=1 compact_routes=5
ds4: CUDA MoE selected-load slots=6 compact=6 gate/up 12.38 MiB down 15.75 MiB
ds4: [moecache] calls=84 layer=42 compact=6 cap=48 count=42 hits=18 misses=1073 hit_rate=0.016 admissions=66 evictions=24 direct=1007
ds4: CUDA MoE mixed direct layer=42 cache_routes=1 compact_routes=5
ds4: CUDA MoE selected-load slots=6 compact=6 gate/up 12.38 MiB down 15.75 MiB
0715 03:27:38 ds4-server: chat ctx=0..5:5 gen=1 decoding chunk=1.07 t/s avg=1.07 t/s 0.930s
0715 03:27:38 ds4-server: chat ctx=0..5:5 gen=1 finish=length 3.584s
0715 03:27:38 ds4-server: chat ctx=0..5:5 prompt start
ds4: CUDA MoE selected-load slots=30 compact=27 gate/up 55.69 MiB down 70.88 MiB
ds4: CUDA MoE selected-load slots=30 compact=28 gate/up 57.75 MiB down 73.50 MiB
ds4: CUDA MoE selected-load slots=30 compact=20 gate/up 41.25 MiB down 52.50 MiB
ds4: CUDA MoE selected-load slots=30 compact=22 gate/up 45.38 MiB down 57.75 MiB
ds4: CUDA MoE selected-load slots=30 compact=22 gate/up 45.38 MiB down 57.75 MiB
ds4: CUDA MoE selected-load slots=30 compact=23 gate/up 47.44 MiB down 60.38 MiB
ds4: CUDA MoE selected-load slots=30 compact=20 gate/up 41.25 MiB down 52.50 MiB
ds4: CUDA MoE selected-load slots=30 compact=18 gate/up 37.12 MiB down 47.25 MiB
ds4: CUDA MoE selected-load slots=30 compact=22 gate/up 45.38 MiB down 57.75 MiB
ds4: CUDA MoE selected-load slots=30 compact=21 gate/up 43.31 MiB down 55.12 MiB
ds4: CUDA MoE selected-load slots=30 compact=19 gate/up 39.19 MiB down 49.88 MiB
ds4: CUDA MoE selected-load slots=30 compact=21 gate/up 43.31 MiB down 55.12 MiB
ds4: CUDA MoE selected-load slots=30 compact=18 gate/up 37.12 MiB down 47.25 MiB
ds4: CUDA MoE selected-load slots=30 compact=17 gate/up 35.06 MiB down 44.62 MiB
ds4: CUDA MoE selected-load slots=30 compact=19 gate/up 39.19 MiB down 49.88 MiB
ds4: CUDA MoE selected-load slots=30 compact=17 gate/up 35.06 MiB down 44.62 MiB
ds4: CUDA MoE selected-load slots=30 compact=17 gate/up 35.06 MiB down 44.62 MiB
ds4: CUDA MoE selected-load slots=30 compact=18 gate/up 37.12 MiB down 47.25 MiB
ds4: CUDA MoE selected-load slots=30 compact=24 gate/up 49.50 MiB down 63.00 MiB
ds4: CUDA MoE selected-load slots=30 compact=20 gate/up 41.25 MiB down 52.50 MiB
ds4: CUDA MoE selected-load slots=30 compact=17 gate/up 35.06 MiB down 44.62 MiB
ds4: CUDA MoE selected-load slots=30 compact=16 gate/up 33.00 MiB down 42.00 MiB
ds4: CUDA MoE selected-load slots=30 compact=20 gate/up 41.25 MiB down 52.50 MiB
ds4: CUDA MoE selected-load slots=30 compact=20 gate/up 41.25 MiB down 52.50 MiB
ds4: CUDA MoE selected-load slots=30 compact=19 gate/up 39.19 MiB down 49.88 MiB
ds4: CUDA MoE selected-load slots=30 compact=16 gate/up 33.00 MiB down 42.00 MiB
ds4: CUDA MoE selected-load slots=30 compact=19 gate/up 39.19 MiB down 49.88 MiB
ds4: CUDA MoE selected-load slots=30 compact=18 gate/up 37.12 MiB down 47.25 MiB
ds4: CUDA MoE selected-load slots=30 compact=16 gate/up 33.00 MiB down 42.00 MiB
ds4: CUDA MoE selected-load slots=30 compact=22 gate/up 45.38 MiB down 57.75 MiB
ds4: CUDA MoE selected-load slots=30 compact=17 gate/up 35.06 MiB down 44.62 MiB
ds4: CUDA MoE selected-load slots=30 compact=16 gate/up 33.00 MiB down 42.00 MiB
ds4: CUDA MoE selected-load slots=30 compact=18 gate/up 37.12 MiB down 47.25 MiB
ds4: CUDA MoE selected-load slots=30 compact=22 gate/up 45.38 MiB down 57.75 MiB
ds4: CUDA MoE selected-load slots=30 compact=19 gate/up 39.19 MiB down 49.88 MiB
ds4: [selprof] calls=120 experts=1796 fill=1.655s (0.92 ms/expert)
ds4: CUDA MoE selected-load slots=30 compact=17 gate/up 35.06 MiB down 44.62 MiB
ds4: CUDA MoE selected-load slots=30 compact=23 gate/up 47.44 MiB down 60.38 MiB
ds4: CUDA MoE selected-load slots=30 compact=20 gate/up 41.25 MiB down 52.50 MiB
ds4: CUDA MoE selected-load slots=30 compact=23 gate/up 47.44 MiB down 60.38 MiB
ds4: CUDA MoE selected-load slots=30 compact=20 gate/up 41.25 MiB down 52.50 MiB
ds4: CUDA MoE selected-load slots=30 compact=25 gate/up 51.56 MiB down 65.62 MiB
ds4: [moecache] calls=126 layer=42 compact=23 cap=48 count=42 hits=57 misses=1873 hit_rate=0.030 admissions=69 evictions=27 direct=1804
ds4: CUDA MoE selected-load slots=30 compact=23 gate/up 47.44 MiB down 60.38 MiB
0715 03:27:39 ds4-server: chat ctx=0..5:5 prompt done 1.589s
ds4: CUDA MoE mixed direct layer=1 cache_routes=1 compact_routes=5
ds4: CUDA MoE selected-load slots=6 compact=6 gate/up 12.38 MiB down 15.75 MiB
ds4: CUDA MoE mixed direct layer=2 cache_routes=1 compact_routes=5
ds4: CUDA MoE selected-load slots=6 compact=6 gate/up 12.38 MiB down 15.75 MiB
ds4: CUDA MoE mixed direct layer=3 cache_routes=1 compact_routes=5
ds4: CUDA MoE selected-load slots=6 compact=6 gate/up 12.38 MiB down 15.75 MiB
ds4: CUDA MoE mixed direct layer=4 cache_routes=1 compact_routes=5
ds4: CUDA MoE selected-load slots=6 compact=6 gate/up 12.38 MiB down 15.75 MiB
ds4: CUDA MoE mixed direct layer=5 cache_routes=1 compact_routes=5
ds4: CUDA MoE selected-load slots=6 compact=6 gate/up 12.38 MiB down 15.75 MiB
ds4: CUDA MoE mixed direct layer=6 cache_routes=1 compact_routes=5
ds4: CUDA MoE selected-load slots=6 compact=6 gate/up 12.38 MiB down 15.75 MiB
ds4: CUDA MoE mixed direct layer=7 cache_routes=1 compact_routes=5
ds4: CUDA MoE selected-load slots=6 compact=6 gate/up 12.38 MiB down 15.75 MiB
ds4: CUDA MoE mixed direct layer=8 cache_routes=1 compact_routes=5
ds4: CUDA MoE selected-load slots=6 compact=6 gate/up 12.38 MiB down 15.75 MiB
ds4: CUDA MoE mixed direct layer=9 cache_routes=1 compact_routes=5
ds4: CUDA MoE selected-load slots=6 compact=6 gate/up 12.38 MiB down 15.75 MiB
ds4: CUDA MoE mixed direct layer=10 cache_routes=1 compact_routes=5
ds4: CUDA MoE selected-load slots=6 compact=6 gate/up 12.38 MiB down 15.75 MiB
ds4: CUDA MoE mixed direct layer=11 cache_routes=1 compact_routes=5
ds4: CUDA MoE selected-load slots=6 compact=6 gate/up 12.38 MiB down 15.75 MiB
ds4: CUDA MoE mixed direct layer=12 cache_routes=1 compact_routes=5
ds4: CUDA MoE selected-load slots=6 compact=6 gate/up 12.38 MiB down 15.75 MiB
ds4: CUDA MoE mixed direct layer=13 cache_routes=1 compact_routes=5
ds4: CUDA MoE selected-load slots=6 compact=6 gate/up 12.38 MiB down 15.75 MiB
ds4: CUDA MoE mixed direct layer=14 cache_routes=1 compact_routes=5
ds4: CUDA MoE selected-load slots=6 compact=6 gate/up 12.38 MiB down 15.75 MiB
ds4: CUDA MoE mixed direct layer=15 cache_routes=1 compact_routes=5
ds4: CUDA MoE selected-load slots=6 compact=6 gate/up 12.38 MiB down 15.75 MiB
ds4: CUDA MoE mixed direct layer=16 cache_routes=1 compact_routes=5
ds4: CUDA MoE selected-load slots=6 compact=6 gate/up 12.38 MiB down 15.75 MiB
ds4: CUDA MoE mixed direct layer=17 cache_routes=1 compact_routes=5
ds4: CUDA MoE selected-load slots=6 compact=6 gate/up 12.38 MiB down 15.75 MiB
ds4: CUDA MoE mixed direct layer=18 cache_routes=1 compact_routes=5
ds4: CUDA MoE selected-load slots=6 compact=6 gate/up 12.38 MiB down 15.75 MiB
ds4: CUDA MoE mixed direct layer=19 cache_routes=1 compact_routes=5
ds4: CUDA MoE selected-load slots=6 compact=6 gate/up 12.38 MiB down 15.75 MiB
ds4: CUDA MoE mixed direct layer=20 cache_routes=1 compact_routes=5
ds4: CUDA MoE selected-load slots=6 compact=6 gate/up 12.38 MiB down 15.75 MiB
ds4: CUDA MoE mixed direct layer=21 cache_routes=1 compact_routes=5
ds4: CUDA MoE selected-load slots=6 compact=6 gate/up 12.38 MiB down 15.75 MiB
ds4: CUDA MoE mixed direct layer=22 cache_routes=1 compact_routes=5
ds4: CUDA MoE selected-load slots=6 compact=6 gate/up 12.38 MiB down 15.75 MiB
ds4: CUDA MoE mixed direct layer=23 cache_routes=1 compact_routes=5
ds4: CUDA MoE selected-load slots=6 compact=6 gate/up 12.38 MiB down 15.75 MiB
ds4: CUDA MoE mixed direct layer=24 cache_routes=1 compact_routes=5
ds4: CUDA MoE selected-load slots=6 compact=6 gate/up 12.38 MiB down 15.75 MiB
ds4: CUDA MoE mixed direct layer=25 cache_routes=1 compact_routes=5
ds4: CUDA MoE selected-load slots=6 compact=6 gate/up 12.38 MiB down 15.75 MiB
ds4: CUDA MoE mixed direct layer=26 cache_routes=1 compact_routes=5
ds4: CUDA MoE selected-load slots=6 compact=6 gate/up 12.38 MiB down 15.75 MiB
ds4: CUDA MoE mixed direct layer=27 cache_routes=1 compact_routes=5
ds4: CUDA MoE selected-load slots=6 compact=6 gate/up 12.38 MiB down 15.75 MiB
ds4: CUDA MoE mixed direct layer=28 cache_routes=1 compact_routes=5
ds4: CUDA MoE selected-load slots=6 compact=6 gate/up 12.38 MiB down 15.75 MiB
ds4: CUDA MoE mixed direct layer=29 cache_routes=1 compact_routes=5
ds4: CUDA MoE selected-load slots=6 compact=6 gate/up 12.38 MiB down 15.75 MiB
ds4: CUDA MoE mixed direct layer=30 cache_routes=1 compact_routes=5
ds4: CUDA MoE selected-load slots=6 compact=6 gate/up 12.38 MiB down 15.75 MiB
ds4: CUDA MoE mixed direct layer=31 cache_routes=1 compact_routes=5
ds4: CUDA MoE selected-load slots=6 compact=6 gate/up 12.38 MiB down 15.75 MiB
ds4: CUDA MoE mixed direct layer=32 cache_routes=1 compact_routes=5
ds4: CUDA MoE selected-load slots=6 compact=6 gate/up 12.38 MiB down 15.75 MiB
ds4: CUDA MoE mixed direct layer=33 cache_routes=1 compact_routes=5
ds4: CUDA MoE selected-load slots=6 compact=6 gate/up 12.38 MiB down 15.75 MiB
ds4: CUDA MoE mixed direct layer=34 cache_routes=1 compact_routes=5
ds4: CUDA MoE selected-load slots=6 compact=6 gate/up 12.38 MiB down 15.75 MiB
ds4: CUDA MoE mixed direct layer=35 cache_routes=1 compact_routes=5
ds4: CUDA MoE selected-load slots=6 compact=6 gate/up 12.38 MiB down 15.75 MiB
ds4: CUDA MoE mixed direct layer=36 cache_routes=1 compact_routes=5
ds4: CUDA MoE selected-load slots=6 compact=6 gate/up 12.38 MiB down 15.75 MiB
ds4: CUDA MoE mixed direct layer=37 cache_routes=1 compact_routes=5
ds4: CUDA MoE selected-load slots=6 compact=6 gate/up 12.38 MiB down 15.75 MiB
ds4: CUDA MoE mixed direct layer=38 cache_routes=1 compact_routes=5
ds4: CUDA MoE selected-load slots=6 compact=6 gate/up 12.38 MiB down 15.75 MiB
ds4: CUDA MoE mixed direct layer=39 cache_routes=1 compact_routes=5
ds4: CUDA MoE selected-load slots=6 compact=6 gate/up 12.38 MiB down 15.75 MiB
ds4: CUDA MoE mixed direct layer=40 cache_routes=1 compact_routes=5
ds4: CUDA MoE selected-load slots=6 compact=6 gate/up 12.38 MiB down 15.75 MiB
ds4: CUDA MoE mixed direct layer=41 cache_routes=1 compact_routes=5
ds4: CUDA MoE selected-load slots=6 compact=6 gate/up 12.38 MiB down 15.75 MiB
ds4: [moecache] calls=168 layer=42 compact=6 cap=48 count=42 hits=96 misses=2086 hit_rate=0.044 admissions=72 evictions=30 direct=2014
ds4: CUDA MoE mixed direct layer=42 cache_routes=1 compact_routes=5
ds4: CUDA MoE selected-load slots=6 compact=6 gate/up 12.38 MiB down 15.75 MiB
ds4: CUDA MoE mixed direct layer=1 cache_routes=1 compact_routes=5
ds4: CUDA MoE selected-load slots=6 compact=6 gate/up 12.38 MiB down 15.75 MiB
ds4: CUDA MoE mixed direct layer=2 cache_routes=1 compact_routes=5
ds4: CUDA MoE selected-load slots=6 compact=6 gate/up 12.38 MiB down 15.75 MiB
ds4: CUDA MoE mixed direct layer=3 cache_routes=1 compact_routes=5
ds4: CUDA MoE selected-load slots=6 compact=6 gate/up 12.38 MiB down 15.75 MiB
ds4: CUDA MoE mixed direct layer=4 cache_routes=1 compact_routes=5
ds4: CUDA MoE selected-load slots=6 compact=6 gate/up 12.38 MiB down 15.75 MiB
ds4: CUDA MoE mixed direct layer=5 cache_routes=1 compact_routes=5
ds4: CUDA MoE selected-load slots=6 compact=6 gate/up 12.38 MiB down 15.75 MiB
ds4: CUDA MoE mixed direct layer=6 cache_routes=1 compact_routes=5
ds4: CUDA MoE selected-load slots=6 compact=6 gate/up 12.38 MiB down 15.75 MiB
ds4: CUDA MoE mixed direct layer=7 cache_routes=1 compact_routes=5
ds4: CUDA MoE selected-load slots=6 compact=6 gate/up 12.38 MiB down 15.75 MiB
ds4: CUDA MoE mixed direct layer=8 cache_routes=1 compact_routes=5
ds4: CUDA MoE selected-load slots=6 compact=6 gate/up 12.38 MiB down 15.75 MiB
ds4: CUDA MoE mixed direct layer=9 cache_routes=1 compact_routes=5
ds4: CUDA MoE selected-load slots=6 compact=6 gate/up 12.38 MiB down 15.75 MiB
ds4: CUDA MoE mixed direct layer=10 cache_routes=1 compact_routes=5
ds4: CUDA MoE selected-load slots=6 compact=6 gate/up 12.38 MiB down 15.75 MiB
ds4: CUDA MoE mixed direct layer=11 cache_routes=1 compact_routes=5
ds4: CUDA MoE selected-load slots=6 compact=6 gate/up 12.38 MiB down 15.75 MiB
ds4: [selprof] calls=180 experts=2254 fill=2.044s (0.91 ms/expert)
ds4: CUDA MoE mixed direct layer=12 cache_routes=1 compact_routes=5
ds4: CUDA MoE selected-load slots=6 compact=6 gate/up 12.38 MiB down 15.75 MiB
ds4: CUDA MoE mixed direct layer=13 cache_routes=1 compact_routes=5
ds4: CUDA MoE selected-load slots=6 compact=6 gate/up 12.38 MiB down 15.75 MiB
ds4: CUDA MoE mixed direct layer=14 cache_routes=1 compact_routes=5
ds4: CUDA MoE selected-load slots=6 compact=6 gate/up 12.38 MiB down 15.75 MiB
ds4: CUDA MoE mixed direct layer=15 cache_routes=1 compact_routes=5
ds4: CUDA MoE selected-load slots=6 compact=6 gate/up 12.38 MiB down 15.75 MiB
ds4: CUDA MoE mixed direct layer=16 cache_routes=1 compact_routes=5
ds4: CUDA MoE selected-load slots=6 compact=6 gate/up 12.38 MiB down 15.75 MiB
ds4: CUDA MoE mixed direct layer=17 cache_routes=1 compact_routes=5
ds4: CUDA MoE selected-load slots=6 compact=6 gate/up 12.38 MiB down 15.75 MiB
ds4: CUDA MoE mixed direct layer=18 cache_routes=1 compact_routes=5
ds4: CUDA MoE selected-load slots=6 compact=6 gate/up 12.38 MiB down 15.75 MiB
ds4: CUDA MoE mixed direct layer=19 cache_routes=1 compact_routes=5
ds4: CUDA MoE selected-load slots=6 compact=6 gate/up 12.38 MiB down 15.75 MiB
ds4: CUDA MoE mixed direct layer=20 cache_routes=1 compact_routes=5
ds4: CUDA MoE selected-load slots=6 compact=6 gate/up 12.38 MiB down 15.75 MiB
ds4: CUDA MoE mixed direct layer=21 cache_routes=1 compact_routes=5
ds4: CUDA MoE selected-load slots=6 compact=6 gate/up 12.38 MiB down 15.75 MiB
ds4: CUDA MoE mixed direct layer=22 cache_routes=1 compact_routes=5
ds4: CUDA MoE selected-load slots=6 compact=6 gate/up 12.38 MiB down 15.75 MiB
ds4: CUDA MoE mixed direct layer=23 cache_routes=1 compact_routes=5
ds4: CUDA MoE selected-load slots=6 compact=6 gate/up 12.38 MiB down 15.75 MiB
ds4: CUDA MoE mixed direct layer=24 cache_routes=1 compact_routes=5
ds4: CUDA MoE selected-load slots=6 compact=6 gate/up 12.38 MiB down 15.75 MiB
ds4: CUDA MoE mixed direct layer=25 cache_routes=1 compact_routes=5
ds4: CUDA MoE selected-load slots=6 compact=6 gate/up 12.38 MiB down 15.75 MiB
ds4: CUDA MoE mixed direct layer=26 cache_routes=1 compact_routes=5
ds4: CUDA MoE selected-load slots=6 compact=6 gate/up 12.38 MiB down 15.75 MiB
ds4: CUDA MoE mixed direct layer=27 cache_routes=1 compact_routes=5
ds4: CUDA MoE selected-load slots=6 compact=6 gate/up 12.38 MiB down 15.75 MiB
ds4: CUDA MoE mixed direct layer=28 cache_routes=1 compact_routes=5
ds4: CUDA MoE selected-load slots=6 compact=6 gate/up 12.38 MiB down 15.75 MiB
ds4: CUDA MoE mixed direct layer=29 cache_routes=1 compact_routes=5
ds4: CUDA MoE selected-load slots=6 compact=6 gate/up 12.38 MiB down 15.75 MiB
ds4: CUDA MoE mixed direct layer=30 cache_routes=1 compact_routes=5
ds4: CUDA MoE selected-load slots=6 compact=6 gate/up 12.38 MiB down 15.75 MiB
ds4: CUDA MoE mixed direct layer=31 cache_routes=1 compact_routes=5
ds4: CUDA MoE selected-load slots=6 compact=6 gate/up 12.38 MiB down 15.75 MiB
ds4: CUDA MoE mixed direct layer=32 cache_routes=1 compact_routes=5
ds4: CUDA MoE selected-load slots=6 compact=6 gate/up 12.38 MiB down 15.75 MiB
ds4: CUDA MoE mixed direct layer=33 cache_routes=1 compact_routes=5
ds4: CUDA MoE selected-load slots=6 compact=6 gate/up 12.38 MiB down 15.75 MiB
ds4: CUDA MoE mixed direct layer=34 cache_routes=1 compact_routes=5
ds4: CUDA MoE selected-load slots=6 compact=6 gate/up 12.38 MiB down 15.75 MiB
ds4: CUDA MoE mixed direct layer=35 cache_routes=1 compact_routes=5
ds4: CUDA MoE selected-load slots=6 compact=6 gate/up 12.38 MiB down 15.75 MiB
ds4: CUDA MoE mixed direct layer=36 cache_routes=1 compact_routes=5
ds4: CUDA MoE selected-load slots=6 compact=6 gate/up 12.38 MiB down 15.75 MiB
ds4: CUDA MoE mixed direct layer=37 cache_routes=1 compact_routes=5
ds4: CUDA MoE selected-load slots=6 compact=6 gate/up 12.38 MiB down 15.75 MiB
ds4: CUDA MoE mixed direct layer=38 cache_routes=1 compact_routes=5
ds4: CUDA MoE selected-load slots=6 compact=6 gate/up 12.38 MiB down 15.75 MiB
ds4: CUDA MoE mixed direct layer=39 cache_routes=1 compact_routes=5
ds4: CUDA MoE selected-load slots=6 compact=6 gate/up 12.38 MiB down 15.75 MiB
ds4: CUDA MoE mixed direct layer=40 cache_routes=1 compact_routes=5
ds4: CUDA MoE selected-load slots=6 compact=6 gate/up 12.38 MiB down 15.75 MiB
ds4: CUDA MoE mixed direct layer=41 cache_routes=1 compact_routes=5
ds4: CUDA MoE selected-load slots=6 compact=6 gate/up 12.38 MiB down 15.75 MiB
ds4: [moecache] calls=210 layer=42 compact=6 cap=48 count=42 hits=130 misses=2304 hit_rate=0.053 admissions=80 evictions=38 direct=2224
ds4: CUDA MoE mixed direct layer=42 cache_routes=1 compact_routes=5
ds4: CUDA MoE selected-load slots=6 compact=6 gate/up 12.38 MiB down 15.75 MiB
ds4: CUDA MoE mixed direct layer=1 cache_routes=1 compact_routes=5
ds4: CUDA MoE selected-load slots=6 compact=6 gate/up 12.38 MiB down 15.75 MiB
ds4: CUDA MoE mixed direct layer=2 cache_routes=1 compact_routes=5
ds4: CUDA MoE selected-load slots=6 compact=6 gate/up 12.38 MiB down 15.75 MiB
ds4: CUDA MoE mixed direct layer=3 cache_routes=1 compact_routes=5
ds4: CUDA MoE selected-load slots=6 compact=6 gate/up 12.38 MiB down 15.75 MiB
ds4: CUDA MoE mixed direct layer=4 cache_routes=1 compact_routes=5
ds4: CUDA MoE selected-load slots=6 compact=6 gate/up 12.38 MiB down 15.75 MiB
ds4: CUDA MoE mixed direct layer=5 cache_routes=1 compact_routes=5
ds4: CUDA MoE selected-load slots=6 compact=6 gate/up 12.38 MiB down 15.75 MiB
ds4: CUDA MoE mixed direct layer=6 cache_routes=1 compact_routes=5
ds4: CUDA MoE selected-load slots=6 compact=6 gate/up 12.38 MiB down 15.75 MiB
ds4: CUDA MoE mixed direct layer=7 cache_routes=1 compact_routes=5
ds4: CUDA MoE selected-load slots=6 compact=6 gate/up 12.38 MiB down 15.75 MiB
ds4: CUDA MoE mixed direct layer=8 cache_routes=1 compact_routes=5
ds4: CUDA MoE selected-load slots=6 compact=6 gate/up 12.38 MiB down 15.75 MiB
ds4: CUDA MoE mixed direct layer=9 cache_routes=1 compact_routes=5
ds4: CUDA MoE selected-load slots=6 compact=6 gate/up 12.38 MiB down 15.75 MiB
ds4: CUDA MoE mixed direct layer=10 cache_routes=1 compact_routes=5
ds4: CUDA MoE selected-load slots=6 compact=6 gate/up 12.38 MiB down 15.75 MiB
ds4: CUDA MoE mixed direct layer=11 cache_routes=1 compact_routes=5
ds4: CUDA MoE selected-load slots=6 compact=6 gate/up 12.38 MiB down 15.75 MiB
ds4: CUDA MoE mixed direct layer=12 cache_routes=1 compact_routes=5
ds4: CUDA MoE selected-load slots=6 compact=6 gate/up 12.38 MiB down 15.75 MiB
ds4: CUDA MoE mixed direct layer=13 cache_routes=1 compact_routes=5
ds4: CUDA MoE selected-load slots=6 compact=6 gate/up 12.38 MiB down 15.75 MiB
ds4: CUDA MoE mixed direct layer=14 cache_routes=1 compact_routes=5
ds4: CUDA MoE selected-load slots=6 compact=6 gate/up 12.38 MiB down 15.75 MiB
ds4: CUDA MoE mixed direct layer=15 cache_routes=1 compact_routes=5
ds4: CUDA MoE selected-load slots=6 compact=6 gate/up 12.38 MiB down 15.75 MiB
ds4: CUDA MoE mixed direct layer=16 cache_routes=1 compact_routes=5
ds4: CUDA MoE selected-load slots=6 compact=6 gate/up 12.38 MiB down 15.75 MiB
ds4: CUDA MoE mixed direct layer=17 cache_routes=1 compact_routes=5
ds4: CUDA MoE selected-load slots=6 compact=6 gate/up 12.38 MiB down 15.75 MiB
ds4: CUDA MoE mixed direct layer=18 cache_routes=1 compact_routes=5
ds4: CUDA MoE selected-load slots=6 compact=6 gate/up 12.38 MiB down 15.75 MiB
ds4: CUDA MoE mixed direct layer=19 cache_routes=1 compact_routes=5
ds4: CUDA MoE selected-load slots=6 compact=6 gate/up 12.38 MiB down 15.75 MiB
ds4: CUDA MoE mixed direct layer=20 cache_routes=1 compact_routes=5
ds4: CUDA MoE selected-load slots=6 compact=6 gate/up 12.38 MiB down 15.75 MiB
ds4: CUDA MoE mixed direct layer=21 cache_routes=1 compact_routes=5
ds4: CUDA MoE selected-load slots=6 compact=6 gate/up 12.38 MiB down 15.75 MiB
ds4: CUDA MoE mixed direct layer=22 cache_routes=1 compact_routes=5
ds4: CUDA MoE selected-load slots=6 compact=6 gate/up 12.38 MiB down 15.75 MiB
ds4: CUDA MoE mixed direct layer=23 cache_routes=1 compact_routes=5
ds4: CUDA MoE selected-load slots=6 compact=6 gate/up 12.38 MiB down 15.75 MiB
ds4: CUDA MoE mixed direct layer=24 cache_routes=1 compact_routes=5
ds4: CUDA MoE selected-load slots=6 compact=6 gate/up 12.38 MiB down 15.75 MiB
ds4: CUDA MoE mixed direct layer=25 cache_routes=1 compact_routes=5
ds4: CUDA MoE selected-load slots=6 compact=6 gate/up 12.38 MiB down 15.75 MiB
ds4: CUDA MoE mixed direct layer=26 cache_routes=1 compact_routes=5
ds4: CUDA MoE selected-load slots=6 compact=6 gate/up 12.38 MiB down 15.75 MiB
ds4: CUDA MoE mixed direct layer=27 cache_routes=1 compact_routes=5
ds4: CUDA MoE selected-load slots=6 compact=6 gate/up 12.38 MiB down 15.75 MiB
ds4: CUDA MoE mixed direct layer=28 cache_routes=1 compact_routes=5
ds4: CUDA MoE selected-load slots=6 compact=6 gate/up 12.38 MiB down 15.75 MiB
ds4: CUDA MoE mixed direct layer=29 cache_routes=1 compact_routes=5
ds4: CUDA MoE selected-load slots=6 compact=6 gate/up 12.38 MiB down 15.75 MiB
ds4: [selprof] calls=240 experts=2614 fill=2.338s (0.89 ms/expert)
ds4: CUDA MoE mixed direct layer=30 cache_routes=1 compact_routes=5
ds4: CUDA MoE selected-load slots=6 compact=6 gate/up 12.38 MiB down 15.75 MiB
ds4: CUDA MoE mixed direct layer=31 cache_routes=1 compact_routes=5
ds4: CUDA MoE selected-load slots=6 compact=6 gate/up 12.38 MiB down 15.75 MiB
ds4: CUDA MoE mixed direct layer=32 cache_routes=1 compact_routes=5
ds4: CUDA MoE selected-load slots=6 compact=6 gate/up 12.38 MiB down 15.75 MiB
ds4: CUDA MoE mixed direct layer=33 cache_routes=1 compact_routes=5
ds4: CUDA MoE selected-load slots=6 compact=6 gate/up 12.38 MiB down 15.75 MiB
ds4: CUDA MoE mixed direct layer=34 cache_routes=1 compact_routes=5
ds4: CUDA MoE selected-load slots=6 compact=6 gate/up 12.38 MiB down 15.75 MiB
ds4: CUDA MoE mixed direct layer=35 cache_routes=1 compact_routes=5
ds4: CUDA MoE selected-load slots=6 compact=6 gate/up 12.38 MiB down 15.75 MiB
ds4: CUDA MoE mixed direct layer=36 cache_routes=1 compact_routes=5
ds4: CUDA MoE selected-load slots=6 compact=6 gate/up 12.38 MiB down 15.75 MiB
ds4: CUDA MoE mixed direct layer=37 cache_routes=1 compact_routes=5
ds4: CUDA MoE selected-load slots=6 compact=6 gate/up 12.38 MiB down 15.75 MiB
ds4: CUDA MoE mixed direct layer=38 cache_routes=1 compact_routes=5
ds4: CUDA MoE selected-load slots=6 compact=6 gate/up 12.38 MiB down 15.75 MiB
ds4: CUDA MoE mixed direct layer=39 cache_routes=1 compact_routes=5
ds4: CUDA MoE selected-load slots=6 compact=6 gate/up 12.38 MiB down 15.75 MiB
ds4: CUDA MoE mixed direct layer=40 cache_routes=1 compact_routes=5
ds4: CUDA MoE selected-load slots=6 compact=6 gate/up 12.38 MiB down 15.75 MiB
ds4: CUDA MoE mixed direct layer=41 cache_routes=1 compact_routes=5
ds4: CUDA MoE selected-load slots=6 compact=6 gate/up 12.38 MiB down 15.75 MiB
ds4: [moecache] calls=252 layer=42 compact=6 cap=48 count=42 hits=163 misses=2523 hit_rate=0.061 admissions=89 evictions=47 direct=2434
ds4: CUDA MoE mixed direct layer=42 cache_routes=1 compact_routes=5
ds4: CUDA MoE selected-load slots=6 compact=6 gate/up 12.38 MiB down 15.75 MiB
ds4: CUDA MoE mixed direct layer=1 cache_routes=1 compact_routes=5
ds4: CUDA MoE selected-load slots=6 compact=6 gate/up 12.38 MiB down 15.75 MiB
ds4: CUDA MoE mixed direct layer=2 cache_routes=1 compact_routes=5
ds4: CUDA MoE selected-load slots=6 compact=6 gate/up 12.38 MiB down 15.75 MiB
ds4: CUDA MoE mixed direct layer=3 cache_routes=1 compact_routes=5
ds4: CUDA MoE selected-load slots=6 compact=6 gate/up 12.38 MiB down 15.75 MiB
ds4: CUDA MoE mixed direct layer=4 cache_routes=1 compact_routes=5
ds4: CUDA MoE selected-load slots=6 compact=6 gate/up 12.38 MiB down 15.75 MiB
ds4: CUDA MoE mixed direct layer=5 cache_routes=1 compact_routes=5
ds4: CUDA MoE selected-load slots=6 compact=6 gate/up 12.38 MiB down 15.75 MiB
ds4: CUDA MoE mixed direct layer=6 cache_routes=1 compact_routes=5
ds4: CUDA MoE selected-load slots=6 compact=6 gate/up 12.38 MiB down 15.75 MiB
ds4: CUDA MoE mixed direct layer=7 cache_routes=1 compact_routes=5
ds4: CUDA MoE selected-load slots=6 compact=6 gate/up 12.38 MiB down 15.75 MiB
ds4: CUDA MoE mixed direct layer=8 cache_routes=1 compact_routes=5
ds4: CUDA MoE selected-load slots=6 compact=6 gate/up 12.38 MiB down 15.75 MiB
ds4: CUDA MoE mixed direct layer=9 cache_routes=1 compact_routes=5
ds4: CUDA MoE selected-load slots=6 compact=6 gate/up 12.38 MiB down 15.75 MiB
ds4: CUDA MoE mixed direct layer=10 cache_routes=1 compact_routes=5
ds4: CUDA MoE selected-load slots=6 compact=6 gate/up 12.38 MiB down 15.75 MiB
ds4: CUDA MoE mixed direct layer=11 cache_routes=1 compact_routes=5
ds4: CUDA MoE selected-load slots=6 compact=6 gate/up 12.38 MiB down 15.75 MiB
ds4: CUDA MoE mixed direct layer=12 cache_routes=1 compact_routes=5
ds4: CUDA MoE selected-load slots=6 compact=6 gate/up 12.38 MiB down 15.75 MiB
ds4: CUDA MoE mixed direct layer=13 cache_routes=1 compact_routes=5
ds4: CUDA MoE selected-load slots=6 compact=6 gate/up 12.38 MiB down 15.75 MiB
ds4: CUDA MoE mixed direct layer=14 cache_routes=1 compact_routes=5
ds4: CUDA MoE selected-load slots=6 compact=6 gate/up 12.38 MiB down 15.75 MiB
ds4: CUDA MoE mixed direct layer=15 cache_routes=1 compact_routes=5
ds4: CUDA MoE selected-load slots=6 compact=6 gate/up 12.38 MiB down 15.75 MiB
ds4: CUDA MoE mixed direct layer=16 cache_routes=1 compact_routes=5
ds4: CUDA MoE selected-load slots=6 compact=6 gate/up 12.38 MiB down 15.75 MiB
ds4: CUDA MoE mixed direct layer=17 cache_routes=1 compact_routes=5
ds4: CUDA MoE selected-load slots=6 compact=6 gate/up 12.38 MiB down 15.75 MiB
ds4: CUDA MoE mixed direct layer=18 cache_routes=1 compact_routes=5
ds4: CUDA MoE selected-load slots=6 compact=6 gate/up 12.38 MiB down 15.75 MiB
ds4: CUDA MoE mixed direct layer=19 cache_routes=1 compact_routes=5
ds4: CUDA MoE selected-load slots=6 compact=6 gate/up 12.38 MiB down 15.75 MiB
ds4: CUDA MoE mixed direct layer=20 cache_routes=1 compact_routes=5
ds4: CUDA MoE selected-load slots=6 compact=6 gate/up 12.38 MiB down 15.75 MiB
ds4: CUDA MoE mixed direct layer=21 cache_routes=1 compact_routes=5
ds4: CUDA MoE selected-load slots=6 compact=6 gate/up 12.38 MiB down 15.75 MiB
ds4: CUDA MoE mixed direct layer=22 cache_routes=1 compact_routes=5
ds4: CUDA MoE selected-load slots=6 compact=6 gate/up 12.38 MiB down 15.75 MiB
ds4: CUDA MoE mixed direct layer=23 cache_routes=1 compact_routes=5
ds4: CUDA MoE selected-load slots=6 compact=6 gate/up 12.38 MiB down 15.75 MiB
ds4: CUDA MoE mixed direct layer=24 cache_routes=1 compact_routes=5
ds4: CUDA MoE selected-load slots=6 compact=6 gate/up 12.38 MiB down 15.75 MiB
ds4: CUDA MoE mixed direct layer=25 cache_routes=1 compact_routes=5
ds4: CUDA MoE selected-load slots=6 compact=6 gate/up 12.38 MiB down 15.75 MiB
ds4: CUDA MoE mixed direct layer=26 cache_routes=1 compact_routes=5
ds4: CUDA MoE selected-load slots=6 compact=6 gate/up 12.38 MiB down 15.75 MiB
ds4: CUDA MoE mixed direct layer=27 cache_routes=1 compact_routes=5
ds4: CUDA MoE selected-load slots=6 compact=6 gate/up 12.38 MiB down 15.75 MiB
ds4: CUDA MoE mixed direct layer=28 cache_routes=1 compact_routes=5
ds4: CUDA MoE selected-load slots=6 compact=6 gate/up 12.38 MiB down 15.75 MiB
ds4: CUDA MoE mixed direct layer=29 cache_routes=1 compact_routes=5
ds4: CUDA MoE selected-load slots=6 compact=6 gate/up 12.38 MiB down 15.75 MiB
ds4: CUDA MoE mixed direct layer=30 cache_routes=1 compact_routes=5
ds4: CUDA MoE selected-load slots=6 compact=6 gate/up 12.38 MiB down 15.75 MiB
ds4: CUDA MoE mixed direct layer=31 cache_routes=1 compact_routes=5
ds4: CUDA MoE selected-load slots=6 compact=6 gate/up 12.38 MiB down 15.75 MiB
ds4: CUDA MoE mixed direct layer=32 cache_routes=1 compact_routes=5
ds4: CUDA MoE selected-load slots=6 compact=6 gate/up 12.38 MiB down 15.75 MiB
ds4: CUDA MoE mixed direct layer=33 cache_routes=1 compact_routes=5
ds4: CUDA MoE selected-load slots=6 compact=6 gate/up 12.38 MiB down 15.75 MiB
ds4: CUDA MoE mixed direct layer=34 cache_routes=1 compact_routes=5
ds4: CUDA MoE selected-load slots=6 compact=6 gate/up 12.38 MiB down 15.75 MiB
ds4: CUDA MoE mixed direct layer=35 cache_routes=1 compact_routes=5
ds4: CUDA MoE selected-load slots=6 compact=6 gate/up 12.38 MiB down 15.75 MiB
ds4: CUDA MoE mixed direct layer=36 cache_routes=1 compact_routes=5
ds4: CUDA MoE selected-load slots=6 compact=6 gate/up 12.38 MiB down 15.75 MiB
ds4: CUDA MoE mixed direct layer=37 cache_routes=1 compact_routes=5
ds4: CUDA MoE selected-load slots=6 compact=6 gate/up 12.38 MiB down 15.75 MiB
ds4: CUDA MoE mixed direct layer=38 cache_routes=1 compact_routes=5
ds4: CUDA MoE selected-load slots=6 compact=6 gate/up 12.38 MiB down 15.75 MiB
ds4: CUDA MoE mixed direct layer=39 cache_routes=1 compact_routes=5
ds4: CUDA MoE selected-load slots=6 compact=6 gate/up 12.38 MiB down 15.75 MiB
ds4: CUDA MoE mixed direct layer=40 cache_routes=1 compact_routes=5
ds4: CUDA MoE selected-load slots=6 compact=6 gate/up 12.38 MiB down 15.75 MiB
ds4: CUDA MoE mixed direct layer=41 cache_routes=1 compact_routes=5
ds4: CUDA MoE selected-load slots=6 compact=6 gate/up 12.38 MiB down 15.75 MiB
ds4: [moecache] calls=294 layer=42 compact=6 cap=48 count=42 hits=192 misses=2746 hit_rate=0.065 admissions=102 evictions=60 direct=2644
ds4: CUDA MoE mixed direct layer=42 cache_routes=1 compact_routes=5
ds4: CUDA MoE selected-load slots=6 compact=6 gate/up 12.38 MiB down 15.75 MiB
ds4: CUDA MoE mixed direct layer=1 cache_routes=1 compact_routes=5
ds4: CUDA MoE selected-load slots=6 compact=6 gate/up 12.38 MiB down 15.75 MiB
ds4: CUDA MoE mixed direct layer=2 cache_routes=1 compact_routes=5
ds4: CUDA MoE selected-load slots=6 compact=6 gate/up 12.38 MiB down 15.75 MiB
ds4: CUDA MoE mixed direct layer=3 cache_routes=1 compact_routes=5
ds4: CUDA MoE selected-load slots=6 compact=6 gate/up 12.38 MiB down 15.75 MiB
ds4: CUDA MoE mixed direct layer=4 cache_routes=1 compact_routes=5
ds4: CUDA MoE selected-load slots=6 compact=6 gate/up 12.38 MiB down 15.75 MiB
ds4: CUDA MoE mixed direct layer=5 cache_routes=1 compact_routes=5
ds4: CUDA MoE selected-load slots=6 compact=6 gate/up 12.38 MiB down 15.75 MiB
ds4: [selprof] calls=300 experts=2974 fill=2.661s (0.89 ms/expert)
ds4: CUDA MoE mixed direct layer=6 cache_routes=1 compact_routes=5
ds4: CUDA MoE selected-load slots=6 compact=6 gate/up 12.38 MiB down 15.75 MiB
ds4: CUDA MoE mixed direct layer=7 cache_routes=1 compact_routes=5
ds4: CUDA MoE selected-load slots=6 compact=6 gate/up 12.38 MiB down 15.75 MiB
ds4: CUDA MoE mixed direct layer=8 cache_routes=1 compact_routes=5
ds4: CUDA MoE selected-load slots=6 compact=6 gate/up 12.38 MiB down 15.75 MiB
ds4: CUDA MoE mixed direct layer=9 cache_routes=1 compact_routes=5
ds4: CUDA MoE selected-load slots=6 compact=6 gate/up 12.38 MiB down 15.75 MiB
ds4: CUDA MoE mixed direct layer=10 cache_routes=1 compact_routes=5
ds4: CUDA MoE selected-load slots=6 compact=6 gate/up 12.38 MiB down 15.75 MiB
ds4: CUDA MoE mixed direct layer=11 cache_routes=1 compact_routes=5
ds4: CUDA MoE selected-load slots=6 compact=6 gate/up 12.38 MiB down 15.75 MiB
ds4: CUDA MoE mixed direct layer=12 cache_routes=1 compact_routes=5
ds4: CUDA MoE selected-load slots=6 compact=6 gate/up 12.38 MiB down 15.75 MiB
ds4: CUDA MoE mixed direct layer=13 cache_routes=1 compact_routes=5
ds4: CUDA MoE selected-load slots=6 compact=6 gate/up 12.38 MiB down 15.75 MiB
ds4: CUDA MoE mixed direct layer=14 cache_routes=1 compact_routes=5
ds4: CUDA MoE selected-load slots=6 compact=6 gate/up 12.38 MiB down 15.75 MiB
ds4: CUDA MoE mixed direct layer=15 cache_routes=1 compact_routes=5
ds4: CUDA MoE selected-load slots=6 compact=6 gate/up 12.38 MiB down 15.75 MiB
ds4: CUDA MoE mixed direct layer=16 cache_routes=1 compact_routes=5
ds4: CUDA MoE selected-load slots=6 compact=6 gate/up 12.38 MiB down 15.75 MiB
ds4: CUDA MoE mixed direct layer=17 cache_routes=1 compact_routes=5
ds4: CUDA MoE selected-load slots=6 compact=6 gate/up 12.38 MiB down 15.75 MiB
ds4: CUDA MoE mixed direct layer=18 cache_routes=1 compact_routes=5
ds4: CUDA MoE selected-load slots=6 compact=6 gate/up 12.38 MiB down 15.75 MiB
ds4: CUDA MoE mixed direct layer=19 cache_routes=1 compact_routes=5
ds4: CUDA MoE selected-load slots=6 compact=6 gate/up 12.38 MiB down 15.75 MiB
ds4: CUDA MoE mixed direct layer=20 cache_routes=1 compact_routes=5
ds4: CUDA MoE selected-load slots=6 compact=6 gate/up 12.38 MiB down 15.75 MiB
ds4: CUDA MoE mixed direct layer=21 cache_routes=1 compact_routes=5
ds4: CUDA MoE selected-load slots=6 compact=6 gate/up 12.38 MiB down 15.75 MiB
ds4: CUDA MoE mixed direct layer=22 cache_routes=1 compact_routes=5
ds4: CUDA MoE selected-load slots=6 compact=6 gate/up 12.38 MiB down 15.75 MiB
ds4: CUDA MoE mixed direct layer=23 cache_routes=1 compact_routes=5
ds4: CUDA MoE selected-load slots=6 compact=6 gate/up 12.38 MiB down 15.75 MiB
ds4: CUDA MoE mixed direct layer=24 cache_routes=1 compact_routes=5
ds4: CUDA MoE selected-load slots=6 compact=6 gate/up 12.38 MiB down 15.75 MiB
ds4: CUDA MoE mixed direct layer=25 cache_routes=1 compact_routes=5
ds4: CUDA MoE selected-load slots=6 compact=6 gate/up 12.38 MiB down 15.75 MiB
ds4: CUDA MoE mixed direct layer=26 cache_routes=1 compact_routes=5
ds4: CUDA MoE selected-load slots=6 compact=6 gate/up 12.38 MiB down 15.75 MiB
ds4: CUDA MoE mixed direct layer=27 cache_routes=1 compact_routes=5
ds4: CUDA MoE selected-load slots=6 compact=6 gate/up 12.38 MiB down 15.75 MiB
ds4: CUDA MoE mixed direct layer=28 cache_routes=1 compact_routes=5
ds4: CUDA MoE selected-load slots=6 compact=6 gate/up 12.38 MiB down 15.75 MiB
ds4: CUDA MoE mixed direct layer=29 cache_routes=1 compact_routes=5
ds4: CUDA MoE selected-load slots=6 compact=6 gate/up 12.38 MiB down 15.75 MiB
ds4: CUDA MoE mixed direct layer=30 cache_routes=1 compact_routes=5
ds4: CUDA MoE selected-load slots=6 compact=6 gate/up 12.38 MiB down 15.75 MiB
ds4: CUDA MoE mixed direct layer=31 cache_routes=1 compact_routes=5
ds4: CUDA MoE selected-load slots=6 compact=6 gate/up 12.38 MiB down 15.75 MiB
ds4: CUDA MoE mixed direct layer=32 cache_routes=1 compact_routes=5
ds4: CUDA MoE selected-load slots=6 compact=6 gate/up 12.38 MiB down 15.75 MiB
ds4: CUDA MoE mixed direct layer=33 cache_routes=1 compact_routes=5
ds4: CUDA MoE selected-load slots=6 compact=6 gate/up 12.38 MiB down 15.75 MiB
ds4: CUDA MoE mixed direct layer=34 cache_routes=1 compact_routes=5
ds4: CUDA MoE selected-load slots=6 compact=6 gate/up 12.38 MiB down 15.75 MiB
ds4: CUDA MoE mixed direct layer=35 cache_routes=1 compact_routes=5
ds4: CUDA MoE selected-load slots=6 compact=6 gate/up 12.38 MiB down 15.75 MiB
ds4: CUDA MoE mixed direct layer=36 cache_routes=1 compact_routes=5
ds4: CUDA MoE selected-load slots=6 compact=6 gate/up 12.38 MiB down 15.75 MiB
ds4: CUDA MoE mixed direct layer=37 cache_routes=1 compact_routes=5
ds4: CUDA MoE selected-load slots=6 compact=6 gate/up 12.38 MiB down 15.75 MiB
ds4: CUDA MoE mixed direct layer=38 cache_routes=1 compact_routes=5
ds4: CUDA MoE selected-load slots=6 compact=6 gate/up 12.38 MiB down 15.75 MiB
ds4: CUDA MoE mixed direct layer=39 cache_routes=1 compact_routes=5
ds4: CUDA MoE selected-load slots=6 compact=6 gate/up 12.38 MiB down 15.75 MiB
ds4: CUDA MoE mixed direct layer=40 cache_routes=1 compact_routes=5
ds4: CUDA MoE selected-load slots=6 compact=6 gate/up 12.38 MiB down 15.75 MiB
ds4: CUDA MoE mixed direct layer=41 cache_routes=1 compact_routes=5
ds4: CUDA MoE selected-load slots=6 compact=6 gate/up 12.38 MiB down 15.75 MiB
ds4: [moecache] calls=336 layer=42 compact=6 cap=48 count=42 hits=223 misses=2967 hit_rate=0.070 admissions=113 evictions=71 direct=2854
ds4: CUDA MoE mixed direct layer=42 cache_routes=1 compact_routes=5
ds4: CUDA MoE selected-load slots=6 compact=6 gate/up 12.38 MiB down 15.75 MiB
ds4: CUDA MoE mixed direct layer=1 cache_routes=1 compact_routes=5
ds4: CUDA MoE selected-load slots=6 compact=6 gate/up 12.38 MiB down 15.75 MiB
ds4: CUDA MoE mixed direct layer=2 cache_routes=1 compact_routes=5
ds4: CUDA MoE selected-load slots=6 compact=6 gate/up 12.38 MiB down 15.75 MiB
ds4: CUDA MoE mixed direct layer=3 cache_routes=1 compact_routes=5
ds4: CUDA MoE selected-load slots=6 compact=6 gate/up 12.38 MiB down 15.75 MiB
ds4: CUDA MoE mixed direct layer=4 cache_routes=1 compact_routes=5
ds4: CUDA MoE selected-load slots=6 compact=6 gate/up 12.38 MiB down 15.75 MiB
ds4: CUDA MoE mixed direct layer=5 cache_routes=1 compact_routes=5
ds4: CUDA MoE selected-load slots=6 compact=6 gate/up 12.38 MiB down 15.75 MiB
ds4: CUDA MoE mixed direct layer=6 cache_routes=1 compact_routes=5
ds4: CUDA MoE selected-load slots=6 compact=6 gate/up 12.38 MiB down 15.75 MiB
ds4: CUDA MoE mixed direct layer=7 cache_routes=1 compact_routes=5
ds4: CUDA MoE selected-load slots=6 compact=6 gate/up 12.38 MiB down 15.75 MiB
ds4: CUDA MoE mixed direct layer=8 cache_routes=1 compact_routes=5
ds4: CUDA MoE selected-load slots=6 compact=6 gate/up 12.38 MiB down 15.75 MiB
ds4: CUDA MoE mixed direct layer=9 cache_routes=1 compact_routes=5
ds4: CUDA MoE selected-load slots=6 compact=6 gate/up 12.38 MiB down 15.75 MiB
ds4: CUDA MoE mixed direct layer=10 cache_routes=1 compact_routes=5
ds4: CUDA MoE selected-load slots=6 compact=6 gate/up 12.38 MiB down 15.75 MiB
ds4: CUDA MoE mixed direct layer=11 cache_routes=1 compact_routes=5
ds4: CUDA MoE selected-load slots=6 compact=6 gate/up 12.38 MiB down 15.75 MiB
ds4: CUDA MoE mixed direct layer=12 cache_routes=1 compact_routes=5
ds4: CUDA MoE selected-load slots=6 compact=6 gate/up 12.38 MiB down 15.75 MiB
ds4: CUDA MoE mixed direct layer=13 cache_routes=1 compact_routes=5
ds4: CUDA MoE selected-load slots=6 compact=6 gate/up 12.38 MiB down 15.75 MiB
ds4: CUDA MoE mixed direct layer=14 cache_routes=1 compact_routes=5
ds4: CUDA MoE selected-load slots=6 compact=6 gate/up 12.38 MiB down 15.75 MiB
ds4: CUDA MoE mixed direct layer=15 cache_routes=1 compact_routes=5
ds4: CUDA MoE selected-load slots=6 compact=6 gate/up 12.38 MiB down 15.75 MiB
ds4: CUDA MoE mixed direct layer=16 cache_routes=1 compact_routes=5
ds4: CUDA MoE selected-load slots=6 compact=6 gate/up 12.38 MiB down 15.75 MiB
ds4: CUDA MoE mixed direct layer=17 cache_routes=1 compact_routes=5
ds4: CUDA MoE selected-load slots=6 compact=6 gate/up 12.38 MiB down 15.75 MiB
ds4: CUDA MoE mixed direct layer=18 cache_routes=1 compact_routes=5
ds4: CUDA MoE selected-load slots=6 compact=6 gate/up 12.38 MiB down 15.75 MiB
ds4: CUDA MoE mixed direct layer=19 cache_routes=1 compact_routes=5
ds4: CUDA MoE selected-load slots=6 compact=6 gate/up 12.38 MiB down 15.75 MiB
ds4: CUDA MoE mixed direct layer=20 cache_routes=1 compact_routes=5
ds4: CUDA MoE selected-load slots=6 compact=6 gate/up 12.38 MiB down 15.75 MiB
ds4: CUDA MoE mixed direct layer=21 cache_routes=1 compact_routes=5
ds4: CUDA MoE selected-load slots=6 compact=6 gate/up 12.38 MiB down 15.75 MiB
ds4: CUDA MoE mixed direct layer=22 cache_routes=1 compact_routes=5
ds4: CUDA MoE selected-load slots=6 compact=6 gate/up 12.38 MiB down 15.75 MiB
ds4: CUDA MoE mixed direct layer=23 cache_routes=1 compact_routes=5
ds4: CUDA MoE selected-load slots=6 compact=6 gate/up 12.38 MiB down 15.75 MiB
ds4: [selprof] calls=360 experts=3334 fill=2.956s (0.89 ms/expert)
ds4: CUDA MoE mixed direct layer=24 cache_routes=1 compact_routes=5
ds4: CUDA MoE selected-load slots=6 compact=6 gate/up 12.38 MiB down 15.75 MiB
ds4: CUDA MoE mixed direct layer=25 cache_routes=1 compact_routes=5
ds4: CUDA MoE selected-load slots=6 compact=6 gate/up 12.38 MiB down 15.75 MiB
ds4: CUDA MoE mixed direct layer=26 cache_routes=1 compact_routes=5
ds4: CUDA MoE selected-load slots=6 compact=6 gate/up 12.38 MiB down 15.75 MiB
ds4: CUDA MoE mixed direct layer=27 cache_routes=1 compact_routes=5
ds4: CUDA MoE selected-load slots=6 compact=6 gate/up 12.38 MiB down 15.75 MiB
ds4: CUDA MoE mixed direct layer=28 cache_routes=1 compact_routes=5
ds4: CUDA MoE selected-load slots=6 compact=6 gate/up 12.38 MiB down 15.75 MiB
ds4: CUDA MoE mixed direct layer=29 cache_routes=1 compact_routes=5
ds4: CUDA MoE selected-load slots=6 compact=6 gate/up 12.38 MiB down 15.75 MiB
ds4: CUDA MoE mixed direct layer=30 cache_routes=1 compact_routes=5
ds4: CUDA MoE selected-load slots=6 compact=6 gate/up 12.38 MiB down 15.75 MiB
ds4: CUDA MoE mixed direct layer=31 cache_routes=1 compact_routes=5
ds4: CUDA MoE selected-load slots=6 compact=6 gate/up 12.38 MiB down 15.75 MiB
ds4: CUDA MoE mixed direct layer=32 cache_routes=1 compact_routes=5
ds4: CUDA MoE selected-load slots=6 compact=6 gate/up 12.38 MiB down 15.75 MiB
ds4: CUDA MoE mixed direct layer=33 cache_routes=1 compact_routes=5
ds4: CUDA MoE selected-load slots=6 compact=6 gate/up 12.38 MiB down 15.75 MiB
ds4: CUDA MoE mixed direct layer=34 cache_routes=1 compact_routes=5
ds4: CUDA MoE selected-load slots=6 compact=6 gate/up 12.38 MiB down 15.75 MiB
ds4: CUDA MoE mixed direct layer=35 cache_routes=1 compact_routes=5
ds4: CUDA MoE selected-load slots=6 compact=6 gate/up 12.38 MiB down 15.75 MiB
ds4: CUDA MoE mixed direct layer=36 cache_routes=1 compact_routes=5
ds4: CUDA MoE selected-load slots=6 compact=6 gate/up 12.38 MiB down 15.75 MiB
ds4: CUDA MoE mixed direct layer=37 cache_routes=1 compact_routes=5
ds4: CUDA MoE selected-load slots=6 compact=6 gate/up 12.38 MiB down 15.75 MiB
ds4: CUDA MoE mixed direct layer=38 cache_routes=1 compact_routes=5
ds4: CUDA MoE selected-load slots=6 compact=6 gate/up 12.38 MiB down 15.75 MiB
ds4: CUDA MoE mixed direct layer=39 cache_routes=1 compact_routes=5
ds4: CUDA MoE selected-load slots=6 compact=6 gate/up 12.38 MiB down 15.75 MiB
ds4: CUDA MoE mixed direct layer=40 cache_routes=1 compact_routes=5
ds4: CUDA MoE selected-load slots=6 compact=6 gate/up 12.38 MiB down 15.75 MiB
ds4: CUDA MoE mixed direct layer=41 cache_routes=1 compact_routes=5
ds4: CUDA MoE selected-load slots=6 compact=6 gate/up 12.38 MiB down 15.75 MiB
ds4: [moecache] calls=378 layer=42 compact=6 cap=48 count=42 hits=250 misses=3192 hit_rate=0.073 admissions=128 evictions=86 direct=3064
ds4: CUDA MoE mixed direct layer=42 cache_routes=1 compact_routes=5
ds4: CUDA MoE selected-load slots=6 compact=6 gate/up 12.38 MiB down 15.75 MiB
ds4: CUDA MoE mixed direct layer=1 cache_routes=1 compact_routes=5
ds4: CUDA MoE selected-load slots=6 compact=6 gate/up 12.38 MiB down 15.75 MiB
ds4: CUDA MoE mixed direct layer=2 cache_routes=1 compact_routes=5
ds4: CUDA MoE selected-load slots=6 compact=6 gate/up 12.38 MiB down 15.75 MiB
ds4: CUDA MoE mixed direct layer=3 cache_routes=1 compact_routes=5
ds4: CUDA MoE selected-load slots=6 compact=6 gate/up 12.38 MiB down 15.75 MiB
ds4: CUDA MoE mixed direct layer=4 cache_routes=1 compact_routes=5
ds4: CUDA MoE selected-load slots=6 compact=6 gate/up 12.38 MiB down 15.75 MiB
ds4: CUDA MoE mixed direct layer=5 cache_routes=1 compact_routes=5
ds4: CUDA MoE selected-load slots=6 compact=6 gate/up 12.38 MiB down 15.75 MiB
ds4: CUDA MoE mixed direct layer=6 cache_routes=1 compact_routes=5
ds4: CUDA MoE selected-load slots=6 compact=6 gate/up 12.38 MiB down 15.75 MiB
ds4: CUDA MoE mixed direct layer=7 cache_routes=1 compact_routes=5
ds4: CUDA MoE selected-load slots=6 compact=6 gate/up 12.38 MiB down 15.75 MiB
ds4: CUDA MoE mixed direct layer=8 cache_routes=1 compact_routes=5
ds4: CUDA MoE selected-load slots=6 compact=6 gate/up 12.38 MiB down 15.75 MiB
ds4: CUDA MoE mixed direct layer=9 cache_routes=1 compact_routes=5
ds4: CUDA MoE selected-load slots=6 compact=6 gate/up 12.38 MiB down 15.75 MiB
ds4: CUDA MoE mixed direct layer=10 cache_routes=1 compact_routes=5
ds4: CUDA MoE selected-load slots=6 compact=6 gate/up 12.38 MiB down 15.75 MiB
ds4: CUDA MoE mixed direct layer=11 cache_routes=1 compact_routes=5
ds4: CUDA MoE selected-load slots=6 compact=6 gate/up 12.38 MiB down 15.75 MiB
ds4: CUDA MoE mixed direct layer=12 cache_routes=1 compact_routes=5
ds4: CUDA MoE selected-load slots=6 compact=6 gate/up 12.38 MiB down 15.75 MiB
ds4: CUDA MoE mixed direct layer=13 cache_routes=1 compact_routes=5
ds4: CUDA MoE selected-load slots=6 compact=6 gate/up 12.38 MiB down 15.75 MiB
ds4: CUDA MoE mixed direct layer=14 cache_routes=1 compact_routes=5
ds4: CUDA MoE selected-load slots=6 compact=6 gate/up 12.38 MiB down 15.75 MiB
ds4: CUDA MoE mixed direct layer=15 cache_routes=1 compact_routes=5
ds4: CUDA MoE selected-load slots=6 compact=6 gate/up 12.38 MiB down 15.75 MiB
ds4: CUDA MoE mixed direct layer=16 cache_routes=1 compact_routes=5
ds4: CUDA MoE selected-load slots=6 compact=6 gate/up 12.38 MiB down 15.75 MiB
ds4: CUDA MoE mixed direct layer=17 cache_routes=1 compact_routes=5
ds4: CUDA MoE selected-load slots=6 compact=6 gate/up 12.38 MiB down 15.75 MiB
ds4: CUDA MoE mixed direct layer=18 cache_routes=1 compact_routes=5
ds4: CUDA MoE selected-load slots=6 compact=6 gate/up 12.38 MiB down 15.75 MiB
ds4: CUDA MoE mixed direct layer=19 cache_routes=1 compact_routes=5
ds4: CUDA MoE selected-load slots=6 compact=6 gate/up 12.38 MiB down 15.75 MiB
ds4: CUDA MoE mixed direct layer=20 cache_routes=1 compact_routes=5
ds4: CUDA MoE selected-load slots=6 compact=6 gate/up 12.38 MiB down 15.75 MiB
ds4: CUDA MoE mixed direct layer=21 cache_routes=1 compact_routes=5
ds4: CUDA MoE selected-load slots=6 compact=6 gate/up 12.38 MiB down 15.75 MiB
ds4: CUDA MoE mixed direct layer=22 cache_routes=1 compact_routes=5
ds4: CUDA MoE selected-load slots=6 compact=6 gate/up 12.38 MiB down 15.75 MiB
ds4: CUDA MoE mixed direct layer=23 cache_routes=1 compact_routes=5
ds4: CUDA MoE selected-load slots=6 compact=6 gate/up 12.38 MiB down 15.75 MiB
ds4: CUDA MoE mixed direct layer=24 cache_routes=1 compact_routes=5
ds4: CUDA MoE selected-load slots=6 compact=6 gate/up 12.38 MiB down 15.75 MiB
ds4: CUDA MoE mixed direct layer=25 cache_routes=1 compact_routes=5
ds4: CUDA MoE selected-load slots=6 compact=6 gate/up 12.38 MiB down 15.75 MiB
ds4: CUDA MoE mixed direct layer=26 cache_routes=1 compact_routes=5
ds4: CUDA MoE selected-load slots=6 compact=6 gate/up 12.38 MiB down 15.75 MiB
ds4: CUDA MoE mixed direct layer=27 cache_routes=1 compact_routes=5
ds4: CUDA MoE selected-load slots=6 compact=6 gate/up 12.38 MiB down 15.75 MiB
ds4: CUDA MoE mixed direct layer=28 cache_routes=1 compact_routes=5
ds4: CUDA MoE selected-load slots=6 compact=6 gate/up 12.38 MiB down 15.75 MiB
ds4: CUDA MoE mixed direct layer=29 cache_routes=1 compact_routes=5
ds4: CUDA MoE selected-load slots=6 compact=6 gate/up 12.38 MiB down 15.75 MiB
ds4: CUDA MoE mixed direct layer=30 cache_routes=1 compact_routes=5
ds4: CUDA MoE selected-load slots=6 compact=6 gate/up 12.38 MiB down 15.75 MiB
ds4: CUDA MoE mixed direct layer=31 cache_routes=1 compact_routes=5
ds4: CUDA MoE selected-load slots=6 compact=6 gate/up 12.38 MiB down 15.75 MiB
ds4: CUDA MoE mixed direct layer=32 cache_routes=1 compact_routes=5
ds4: CUDA MoE selected-load slots=6 compact=6 gate/up 12.38 MiB down 15.75 MiB
ds4: CUDA MoE mixed direct layer=33 cache_routes=1 compact_routes=5
ds4: CUDA MoE selected-load slots=6 compact=6 gate/up 12.38 MiB down 15.75 MiB
ds4: CUDA MoE mixed direct layer=34 cache_routes=1 compact_routes=5
ds4: CUDA MoE selected-load slots=6 compact=6 gate/up 12.38 MiB down 15.75 MiB
ds4: CUDA MoE mixed direct layer=35 cache_routes=1 compact_routes=5
ds4: CUDA MoE selected-load slots=6 compact=6 gate/up 12.38 MiB down 15.75 MiB
ds4: CUDA MoE mixed direct layer=36 cache_routes=1 compact_routes=5
ds4: CUDA MoE selected-load slots=6 compact=6 gate/up 12.38 MiB down 15.75 MiB
ds4: CUDA MoE mixed direct layer=37 cache_routes=1 compact_routes=5
ds4: CUDA MoE selected-load slots=6 compact=6 gate/up 12.38 MiB down 15.75 MiB
ds4: CUDA MoE mixed direct layer=38 cache_routes=1 compact_routes=5
ds4: CUDA MoE selected-load slots=6 compact=6 gate/up 12.38 MiB down 15.75 MiB
ds4: CUDA MoE mixed direct layer=39 cache_routes=1 compact_routes=5
ds4: CUDA MoE selected-load slots=6 compact=6 gate/up 12.38 MiB down 15.75 MiB
ds4: CUDA MoE mixed direct layer=40 cache_routes=1 compact_routes=5
ds4: CUDA MoE selected-load slots=6 compact=6 gate/up 12.38 MiB down 15.75 MiB
ds4: CUDA MoE mixed direct layer=41 cache_routes=1 compact_routes=5
ds4: CUDA MoE selected-load slots=6 compact=6 gate/up 12.38 MiB down 15.75 MiB
ds4: [moecache] calls=420 layer=42 compact=6 cap=48 count=42 hits=285 misses=3409 hit_rate=0.077 admissions=135 evictions=93 direct=3274
ds4: [selprof] calls=420 experts=3694 fill=3.272s (0.89 ms/expert)
ds4: CUDA MoE mixed direct layer=42 cache_routes=1 compact_routes=5
ds4: CUDA MoE selected-load slots=6 compact=6 gate/up 12.38 MiB down 15.75 MiB
ds4: CUDA MoE mixed direct layer=1 cache_routes=1 compact_routes=5
ds4: CUDA MoE selected-load slots=6 compact=6 gate/up 12.38 MiB down 15.75 MiB
ds4: CUDA MoE mixed direct layer=2 cache_routes=1 compact_routes=5
ds4: CUDA MoE selected-load slots=6 compact=6 gate/up 12.38 MiB down 15.75 MiB
ds4: CUDA MoE mixed direct layer=3 cache_routes=1 compact_routes=5
ds4: CUDA MoE selected-load slots=6 compact=6 gate/up 12.38 MiB down 15.75 MiB
ds4: CUDA MoE mixed direct layer=4 cache_routes=1 compact_routes=5
ds4: CUDA MoE selected-load slots=6 compact=6 gate/up 12.38 MiB down 15.75 MiB
ds4: CUDA MoE mixed direct layer=5 cache_routes=1 compact_routes=5
ds4: CUDA MoE selected-load slots=6 compact=6 gate/up 12.38 MiB down 15.75 MiB
ds4: CUDA MoE mixed direct layer=6 cache_routes=1 compact_routes=5
ds4: CUDA MoE selected-load slots=6 compact=6 gate/up 12.38 MiB down 15.75 MiB
ds4: CUDA MoE mixed direct layer=7 cache_routes=1 compact_routes=5
ds4: CUDA MoE selected-load slots=6 compact=6 gate/up 12.38 MiB down 15.75 MiB
ds4: CUDA MoE mixed direct layer=8 cache_routes=1 compact_routes=5
ds4: CUDA MoE selected-load slots=6 compact=6 gate/up 12.38 MiB down 15.75 MiB
ds4: CUDA MoE mixed direct layer=9 cache_routes=1 compact_routes=5
ds4: CUDA MoE selected-load slots=6 compact=6 gate/up 12.38 MiB down 15.75 MiB
ds4: CUDA MoE mixed direct layer=10 cache_routes=1 compact_routes=5
ds4: CUDA MoE selected-load slots=6 compact=6 gate/up 12.38 MiB down 15.75 MiB
ds4: CUDA MoE mixed direct layer=11 cache_routes=1 compact_routes=5
ds4: CUDA MoE selected-load slots=6 compact=6 gate/up 12.38 MiB down 15.75 MiB
ds4: CUDA MoE mixed direct layer=12 cache_routes=1 compact_routes=5
ds4: CUDA MoE selected-load slots=6 compact=6 gate/up 12.38 MiB down 15.75 MiB
ds4: CUDA MoE mixed direct layer=13 cache_routes=1 compact_routes=5
ds4: CUDA MoE selected-load slots=6 compact=6 gate/up 12.38 MiB down 15.75 MiB
ds4: CUDA MoE mixed direct layer=14 cache_routes=1 compact_routes=5
ds4: CUDA MoE selected-load slots=6 compact=6 gate/up 12.38 MiB down 15.75 MiB
ds4: CUDA MoE mixed direct layer=15 cache_routes=1 compact_routes=5
ds4: CUDA MoE selected-load slots=6 compact=6 gate/up 12.38 MiB down 15.75 MiB
ds4: CUDA MoE mixed direct layer=16 cache_routes=1 compact_routes=5
ds4: CUDA MoE selected-load slots=6 compact=6 gate/up 12.38 MiB down 15.75 MiB
ds4: CUDA MoE mixed direct layer=17 cache_routes=1 compact_routes=5
ds4: CUDA MoE selected-load slots=6 compact=6 gate/up 12.38 MiB down 15.75 MiB
ds4: CUDA MoE mixed direct layer=18 cache_routes=1 compact_routes=5
ds4: CUDA MoE selected-load slots=6 compact=6 gate/up 12.38 MiB down 15.75 MiB
ds4: CUDA MoE mixed direct layer=19 cache_routes=1 compact_routes=5
ds4: CUDA MoE selected-load slots=6 compact=6 gate/up 12.38 MiB down 15.75 MiB
ds4: CUDA MoE mixed direct layer=20 cache_routes=1 compact_routes=5
ds4: CUDA MoE selected-load slots=6 compact=6 gate/up 12.38 MiB down 15.75 MiB
ds4: CUDA MoE mixed direct layer=21 cache_routes=1 compact_routes=5
ds4: CUDA MoE selected-load slots=6 compact=6 gate/up 12.38 MiB down 15.75 MiB
ds4: CUDA MoE mixed direct layer=22 cache_routes=1 compact_routes=5
ds4: CUDA MoE selected-load slots=6 compact=6 gate/up 12.38 MiB down 15.75 MiB
ds4: CUDA MoE mixed direct layer=23 cache_routes=1 compact_routes=5
ds4: CUDA MoE selected-load slots=6 compact=6 gate/up 12.38 MiB down 15.75 MiB
ds4: CUDA MoE mixed direct layer=24 cache_routes=1 compact_routes=5
ds4: CUDA MoE selected-load slots=6 compact=6 gate/up 12.38 MiB down 15.75 MiB
ds4: CUDA MoE mixed direct layer=25 cache_routes=1 compact_routes=5
ds4: CUDA MoE selected-load slots=6 compact=6 gate/up 12.38 MiB down 15.75 MiB
ds4: CUDA MoE mixed direct layer=26 cache_routes=1 compact_routes=5
ds4: CUDA MoE selected-load slots=6 compact=6 gate/up 12.38 MiB down 15.75 MiB
ds4: CUDA MoE mixed direct layer=27 cache_routes=1 compact_routes=5
ds4: CUDA MoE selected-load slots=6 compact=6 gate/up 12.38 MiB down 15.75 MiB
ds4: CUDA MoE mixed direct layer=28 cache_routes=1 compact_routes=5
ds4: CUDA MoE selected-load slots=6 compact=6 gate/up 12.38 MiB down 15.75 MiB
ds4: CUDA MoE mixed direct layer=29 cache_routes=1 compact_routes=5
ds4: CUDA MoE selected-load slots=6 compact=6 gate/up 12.38 MiB down 15.75 MiB
ds4: CUDA MoE mixed direct layer=30 cache_routes=1 compact_routes=5
ds4: CUDA MoE selected-load slots=6 compact=6 gate/up 12.38 MiB down 15.75 MiB
ds4: CUDA MoE mixed direct layer=31 cache_routes=1 compact_routes=5
ds4: CUDA MoE selected-load slots=6 compact=6 gate/up 12.38 MiB down 15.75 MiB
ds4: CUDA MoE mixed direct layer=32 cache_routes=1 compact_routes=5
ds4: CUDA MoE selected-load slots=6 compact=6 gate/up 12.38 MiB down 15.75 MiB
ds4: CUDA MoE mixed direct layer=33 cache_routes=1 compact_routes=5
ds4: CUDA MoE selected-load slots=6 compact=6 gate/up 12.38 MiB down 15.75 MiB
ds4: CUDA MoE mixed direct layer=34 cache_routes=1 compact_routes=5
ds4: CUDA MoE selected-load slots=6 compact=6 gate/up 12.38 MiB down 15.75 MiB
ds4: CUDA MoE mixed direct layer=35 cache_routes=1 compact_routes=5
ds4: CUDA MoE selected-load slots=6 compact=6 gate/up 12.38 MiB down 15.75 MiB
ds4: CUDA MoE mixed direct layer=36 cache_routes=1 compact_routes=5
ds4: CUDA MoE selected-load slots=6 compact=6 gate/up 12.38 MiB down 15.75 MiB
ds4: CUDA MoE mixed direct layer=37 cache_routes=1 compact_routes=5
ds4: CUDA MoE selected-load slots=6 compact=6 gate/up 12.38 MiB down 15.75 MiB
ds4: CUDA MoE mixed direct layer=38 cache_routes=1 compact_routes=5
ds4: CUDA MoE selected-load slots=6 compact=6 gate/up 12.38 MiB down 15.75 MiB
ds4: CUDA MoE mixed direct layer=39 cache_routes=1 compact_routes=5
ds4: CUDA MoE selected-load slots=6 compact=6 gate/up 12.38 MiB down 15.75 MiB
ds4: CUDA MoE mixed direct layer=40 cache_routes=1 compact_routes=5
ds4: CUDA MoE selected-load slots=6 compact=6 gate/up 12.38 MiB down 15.75 MiB
ds4: CUDA MoE mixed direct layer=41 cache_routes=1 compact_routes=5
ds4: CUDA MoE selected-load slots=6 compact=6 gate/up 12.38 MiB down 15.75 MiB
ds4: [moecache] calls=462 layer=42 compact=6 cap=48 count=42 hits=317 misses=3629 hit_rate=0.080 admissions=145 evictions=103 direct=3484
ds4: CUDA MoE mixed direct layer=42 cache_routes=1 compact_routes=5
ds4: CUDA MoE selected-load slots=6 compact=6 gate/up 12.38 MiB down 15.75 MiB
ds4: CUDA MoE mixed direct layer=1 cache_routes=1 compact_routes=5
ds4: CUDA MoE selected-load slots=6 compact=6 gate/up 12.38 MiB down 15.75 MiB
ds4: CUDA MoE mixed direct layer=2 cache_routes=1 compact_routes=5
ds4: CUDA MoE selected-load slots=6 compact=6 gate/up 12.38 MiB down 15.75 MiB
ds4: CUDA MoE mixed direct layer=3 cache_routes=1 compact_routes=5
ds4: CUDA MoE selected-load slots=6 compact=6 gate/up 12.38 MiB down 15.75 MiB
ds4: CUDA MoE mixed direct layer=4 cache_routes=1 compact_routes=5
ds4: CUDA MoE selected-load slots=6 compact=6 gate/up 12.38 MiB down 15.75 MiB
ds4: CUDA MoE mixed direct layer=5 cache_routes=1 compact_routes=5
ds4: CUDA MoE selected-load slots=6 compact=6 gate/up 12.38 MiB down 15.75 MiB
ds4: CUDA MoE mixed direct layer=6 cache_routes=1 compact_routes=5
ds4: CUDA MoE selected-load slots=6 compact=6 gate/up 12.38 MiB down 15.75 MiB
ds4: CUDA MoE mixed direct layer=7 cache_routes=1 compact_routes=5
ds4: CUDA MoE selected-load slots=6 compact=6 gate/up 12.38 MiB down 15.75 MiB
ds4: CUDA MoE mixed direct layer=8 cache_routes=1 compact_routes=5
ds4: CUDA MoE selected-load slots=6 compact=6 gate/up 12.38 MiB down 15.75 MiB
ds4: CUDA MoE mixed direct layer=9 cache_routes=1 compact_routes=5
ds4: CUDA MoE selected-load slots=6 compact=6 gate/up 12.38 MiB down 15.75 MiB
ds4: CUDA MoE mixed direct layer=10 cache_routes=1 compact_routes=5
ds4: CUDA MoE selected-load slots=6 compact=6 gate/up 12.38 MiB down 15.75 MiB
ds4: CUDA MoE mixed direct layer=11 cache_routes=1 compact_routes=5
ds4: CUDA MoE selected-load slots=6 compact=6 gate/up 12.38 MiB down 15.75 MiB
ds4: CUDA MoE mixed direct layer=12 cache_routes=1 compact_routes=5
ds4: CUDA MoE selected-load slots=6 compact=6 gate/up 12.38 MiB down 15.75 MiB
ds4: CUDA MoE mixed direct layer=13 cache_routes=1 compact_routes=5
ds4: CUDA MoE selected-load slots=6 compact=6 gate/up 12.38 MiB down 15.75 MiB
ds4: CUDA MoE mixed direct layer=14 cache_routes=1 compact_routes=5
ds4: CUDA MoE selected-load slots=6 compact=6 gate/up 12.38 MiB down 15.75 MiB
ds4: CUDA MoE mixed direct layer=15 cache_routes=1 compact_routes=5
ds4: CUDA MoE selected-load slots=6 compact=6 gate/up 12.38 MiB down 15.75 MiB
ds4: CUDA MoE mixed direct layer=16 cache_routes=1 compact_routes=5
ds4: CUDA MoE selected-load slots=6 compact=6 gate/up 12.38 MiB down 15.75 MiB
ds4: CUDA MoE mixed direct layer=17 cache_routes=1 compact_routes=5
ds4: CUDA MoE selected-load slots=6 compact=6 gate/up 12.38 MiB down 15.75 MiB
ds4: [selprof] calls=480 experts=4054 fill=3.571s (0.88 ms/expert)
ds4: CUDA MoE mixed direct layer=18 cache_routes=1 compact_routes=5
ds4: CUDA MoE selected-load slots=6 compact=6 gate/up 12.38 MiB down 15.75 MiB
ds4: CUDA MoE mixed direct layer=19 cache_routes=1 compact_routes=5
ds4: CUDA MoE selected-load slots=6 compact=6 gate/up 12.38 MiB down 15.75 MiB
ds4: CUDA MoE mixed direct layer=20 cache_routes=1 compact_routes=5
ds4: CUDA MoE selected-load slots=6 compact=6 gate/up 12.38 MiB down 15.75 MiB
ds4: CUDA MoE mixed direct layer=21 cache_routes=1 compact_routes=5
ds4: CUDA MoE selected-load slots=6 compact=6 gate/up 12.38 MiB down 15.75 MiB
ds4: CUDA MoE mixed direct layer=22 cache_routes=1 compact_routes=5
ds4: CUDA MoE selected-load slots=6 compact=6 gate/up 12.38 MiB down 15.75 MiB
ds4: CUDA MoE mixed direct layer=23 cache_routes=1 compact_routes=5
ds4: CUDA MoE selected-load slots=6 compact=6 gate/up 12.38 MiB down 15.75 MiB
ds4: CUDA MoE mixed direct layer=24 cache_routes=1 compact_routes=5
ds4: CUDA MoE selected-load slots=6 compact=6 gate/up 12.38 MiB down 15.75 MiB
ds4: CUDA MoE mixed direct layer=25 cache_routes=1 compact_routes=5
ds4: CUDA MoE selected-load slots=6 compact=6 gate/up 12.38 MiB down 15.75 MiB
ds4: CUDA MoE mixed direct layer=26 cache_routes=1 compact_routes=5
ds4: CUDA MoE selected-load slots=6 compact=6 gate/up 12.38 MiB down 15.75 MiB
ds4: CUDA MoE mixed direct layer=27 cache_routes=1 compact_routes=5
ds4: CUDA MoE selected-load slots=6 compact=6 gate/up 12.38 MiB down 15.75 MiB
ds4: CUDA MoE mixed direct layer=28 cache_routes=1 compact_routes=5
ds4: CUDA MoE selected-load slots=6 compact=6 gate/up 12.38 MiB down 15.75 MiB
ds4: CUDA MoE mixed direct layer=29 cache_routes=1 compact_routes=5
ds4: CUDA MoE selected-load slots=6 compact=6 gate/up 12.38 MiB down 15.75 MiB
ds4: CUDA MoE mixed direct layer=30 cache_routes=1 compact_routes=5
ds4: CUDA MoE selected-load slots=6 compact=6 gate/up 12.38 MiB down 15.75 MiB
ds4: CUDA MoE mixed direct layer=31 cache_routes=1 compact_routes=5
ds4: CUDA MoE selected-load slots=6 compact=6 gate/up 12.38 MiB down 15.75 MiB
ds4: CUDA MoE mixed direct layer=32 cache_routes=1 compact_routes=5
ds4: CUDA MoE selected-load slots=6 compact=6 gate/up 12.38 MiB down 15.75 MiB
ds4: CUDA MoE mixed direct layer=33 cache_routes=1 compact_routes=5
ds4: CUDA MoE selected-load slots=6 compact=6 gate/up 12.38 MiB down 15.75 MiB
ds4: CUDA MoE mixed direct layer=34 cache_routes=1 compact_routes=5
ds4: CUDA MoE selected-load slots=6 compact=6 gate/up 12.38 MiB down 15.75 MiB
ds4: CUDA MoE mixed direct layer=35 cache_routes=1 compact_routes=5
ds4: CUDA MoE selected-load slots=6 compact=6 gate/up 12.38 MiB down 15.75 MiB
ds4: CUDA MoE mixed direct layer=36 cache_routes=1 compact_routes=5
ds4: CUDA MoE selected-load slots=6 compact=6 gate/up 12.38 MiB down 15.75 MiB
ds4: CUDA MoE mixed direct layer=37 cache_routes=1 compact_routes=5
ds4: CUDA MoE selected-load slots=6 compact=6 gate/up 12.38 MiB down 15.75 MiB
ds4: CUDA MoE mixed direct layer=38 cache_routes=1 compact_routes=5
ds4: CUDA MoE selected-load slots=6 compact=6 gate/up 12.38 MiB down 15.75 MiB
ds4: CUDA MoE mixed direct layer=39 cache_routes=1 compact_routes=5
ds4: CUDA MoE selected-load slots=6 compact=6 gate/up 12.38 MiB down 15.75 MiB
ds4: CUDA MoE mixed direct layer=40 cache_routes=1 compact_routes=5
ds4: CUDA MoE selected-load slots=6 compact=6 gate/up 12.38 MiB down 15.75 MiB
ds4: CUDA MoE mixed direct layer=41 cache_routes=1 compact_routes=5
ds4: CUDA MoE selected-load slots=6 compact=6 gate/up 12.38 MiB down 15.75 MiB
ds4: [moecache] calls=504 layer=42 compact=6 cap=48 count=42 hits=350 misses=3848 hit_rate=0.083 admissions=154 evictions=112 direct=3694
ds4: CUDA MoE mixed direct layer=42 cache_routes=1 compact_routes=5
ds4: CUDA MoE selected-load slots=6 compact=6 gate/up 12.38 MiB down 15.75 MiB
0715 03:27:48 ds4-server: chat ctx=0..5:5 gen=9 decoding chunk=1.01 t/s avg=1.01 t/s 8.882s
0715 03:27:48 ds4-server: chat ctx=0..5:5 gen=9 finish=length 10.486s
0715 03:27:48 ds4-server: benchmark request target reached; shutting down cleanly
0715 03:27:48 ds4-server: shutdown requested, draining requests
