ds4: CUDA backend initialized on NVIDIA GeForce RTX 3060 (sm_86)
ds4: CUDA loading model tensors into device cache
ds4: CUDA startup cache deferred 71.80 GiB of tensor spans to on-demand streaming
ds4: CUDA startup model cache prepared 8.96 GiB of tensor spans in 5.249s
ds4: cuda backend initialized for graph diagnostics
0714 08:20:21 ds4-server: context buffers 25.17 MiB (ctx=256, backend=cuda, prefill_chunk=256, raw_kv_rows=256, compressed_kv_rows=66)
ds4: CUDA dynamic arena ready 12.00 GiB, 1820 slots, 6.75 MiB/slot, available_ram=37.07 GiB
ds4: [arena-observe] armed window=16 min_hits=3 grow_interval=0 layers=3..42 router=unbiased residency-only
0714 08:20:23 ds4-server: listening on http://127.0.0.1:8000
0714 08:20:23 ds4-server: chat ctx=0..43:43 prompt start
ds4: CUDA q8 fp16 cache budget exhausted; using q8 kernels (request=8.00 MiB cached=0.00 GiB free=1.17 GiB reserve=4.00 GiB total=12.00 GiB)
ds4: CUDA loading model tensors 7.95 GiB cached
ds4: CUDA loading model tensors 7.73 GiB cached
ds4: [arena-observe] armed window=16 min_hits=3 grow_interval=0 layers=3..42 router=unbiased residency-only
0714 08:20:37 ds4-server: chat ctx=0..43:43 prompt done 14.163s
ds4: CUDA loading model tensors 7.72 GiB cached
ds4: CUDA loading model tensors 7.75 GiB cached
ds4: CUDA loading model tensors 7.73 GiB cached
ds4: CUDA loading model tensors 7.73 GiB cached
ds4: [arena] begin base=0 target=440 resident=439 loads=0 slots=1820
ds4: [arena] publish generation=440 loads=0
ds4: [arena-observe] WRAP published tokens=16 resident=439 loads=0 workers=0 seconds=0.004 generation=440 preloaded=439 mirror=2.89 GiB verify_workers=8 verify_seconds=0.349
ds4: [arena-observe] window complete tokens=16 resident=439 growths=0 result=published settled
ds4: CUDA loading model tensors 7.75 GiB cached
ds4: CUDA loading model tensors 7.74 GiB cached
ds4: CUDA loading model tensors 7.02 GiB cached
ds4: CUDA loading model tensors 7.75 GiB cached
ds4: CUDA loading model tensors 7.75 GiB cached
ds4: CUDA loading model tensors 7.75 GiB cached
ds4: CUDA loading model tensors 7.75 GiB cached
ds4: CUDA loading model tensors 7.72 GiB cached
0714 08:22:40 ds4-server: chat ctx=0..43:43 gen=50 decoding chunk=0.41 t/s avg=0.41 t/s 122.200s
ds4: CUDA loading model tensors 7.72 GiB cached
ds4: CUDA loading model tensors 7.72 GiB cached
ds4: CUDA loading model tensors 7.74 GiB cached
0714 08:23:14 ds4-server: chat ctx=0..43:43 gen=64 decoding chunk=0.40 t/s avg=0.41 t/s 157.161s
0714 08:23:14 ds4-server: chat ctx=0..43:43 gen=64 finish=length 171.340s
0714 08:23:14 ds4-server: benchmark request target reached; shutting down cleanly
0714 08:23:14 ds4-server: shutdown requested, draining requests
ds4: [arena] final hits=4247 misses=8119 fatal=0 uploaded=28.00 GiB
