ds4: CUDA backend initialized on NVIDIA GeForce RTX 3060 (sm_86)
ds4: CUDA registered 2.00 GiB contiguous host window (of 80.76 GiB model) for zero-copy device access
ds4: CUDA loading model tensors into device cache
ds4: CUDA startup cache excluded 72.56 GiB of routed-expert tensors; dedicated expert cache owns residency
ds4: CUDA startup cache excluded 0.99 GiB token embedding table; row staging owns access
ds4: CUDA startup cache deferred 0.52 GiB of tensor spans to on-demand streaming
ds4: CUDA startup model cache prepared 6.69 GiB of tensor spans in 1.756s
ds4: CUDA stream reserve startup=4.00 GiB runtime=0.12 GiB switch=expert-cache-ready
ds4: cuda backend initialized for graph diagnostics
0715 05:29:18 ds4-server: context buffers 25.17 MiB (ctx=256, backend=cuda, prefill_chunk=256, raw_kv_rows=256, compressed_kv_rows=66)
ds4: SPEX hidden GPU dry-run active file='C:\Users\imanu\source\repos\moe-aggressive-commit\runs\spex\spex_model\ds4flash_d2_nextlayer.spex' stage=full cap=2 fused=0 ring=1 weights=86.00 MiB; routing unchanged
0715 05:29:18 ds4-server: listening on http://127.0.0.1:8000
0715 05:29:19 ds4-server: chat ctx=0..5:5 prompt start
ds4: CUDA resident expert cache ready: 336/336 experts, 6.75 MiB/expert, 2.21 GiB total
ds4: CUDA GPU-resident route resolver active: exact miss worker, 336 slots
ds4: CUDA stream runtime reserve activated: 4.00 GiB -> 0.12 GiB
0715 05:29:20 ds4-server: chat ctx=0..5:5 prompt done 1.573s
ds4: CUDA embedding row staging ready (pinned host + device, 0.01 MiB)
ds4: [gpu-route-debug] request seq=1 layer=1 misses=6
ds4: [gpu-route-debug] submit seq=1 layer=1
ds4: [gpu-route-debug] request seq=2 layer=2 misses=6
ds4: [gpu-route-debug] submit seq=2 layer=2
0715 05:29:23 ds4-server: chat ctx=0..5:5 gen=9 decoding chunk=3.82 t/s avg=3.82 t/s 2.357s
0715 05:29:23 ds4-server: chat ctx=0..5:5 gen=9 finish=stop 3.945s
0715 05:29:23 ds4-server: chat ctx=0..5:5 prompt start
0715 05:29:24 ds4-server: chat ctx=0..5:5 prompt done 1.291s
0715 05:29:27 ds4-server: chat ctx=0..5:5 gen=9 decoding chunk=3.11 t/s avg=3.11 t/s 2.893s
0715 05:29:27 ds4-server: chat ctx=0..5:5 gen=9 finish=stop 4.312s
0715 05:29:27 ds4-server: chat ctx=0..5:5 prompt start
0715 05:29:29 ds4-server: chat ctx=0..5:5 prompt done 1.534s
0715 05:29:32 ds4-server: chat ctx=0..5:5 gen=9 decoding chunk=3.06 t/s avg=3.06 t/s 2.942s
0715 05:29:32 ds4-server: chat ctx=0..5:5 gen=9 finish=stop 4.490s
0715 05:29:32 ds4-server: chat ctx=0..5:5 prompt start
0715 05:29:33 ds4-server: chat ctx=0..5:5 prompt done 1.248s
0715 05:29:36 ds4-server: chat ctx=0..5:5 gen=9 decoding chunk=3.17 t/s avg=3.17 t/s 2.839s
0715 05:29:36 ds4-server: chat ctx=0..5:5 gen=9 finish=stop 4.182s
0715 05:29:36 ds4-server: benchmark request target reached; shutting down cleanly
0715 05:29:36 ds4-server: shutdown requested, draining requests
ds4: [spex-dry] final stage=full cap=2 scheduled=1512 ready=1512 not_ready=35 layers=1512 actual=9072 predicted=3024 hits=1404 recall=0.1548 precision=0.4643 no_actual=0 ring=1 late=0 ring_full=0 stale=0
ds4: [gpu-resident-routes] final calls=1512 split_calls=0 all_hit=12 worker_jobs=1500 miss_experts=5240 errors=0 worker=3.832ms/job resolve=2.662ms/call wait=3.800ms/call queries=0
