ds4: sparse bake validated: logical=86720111488 mapped=86720315096 mask_sha256=5b6d98504ba830c1a50945a93d1a6017b1956bd17c56df8c0b1bdf92c1564e97 source_sha256=efc7ed607ff27076e3e501fc3fefefa33c0ed8cf1eff483a2b7fdc0c2e616668
ds4: sparse bake mask installed mask_sha256=5b6d98504ba830c1a50945a93d1a6017b1956bd17c56df8c0b1bdf92c1564e97 pruned=4080 layers=40
ds4: REAP mask applied path="embedded-bake:5b6d98504ba830c1a50945a93d1a6017b1956bd17c56df8c0b1bdf92c1564e97" pruned=4080 layers=40 bias_layers=40 ranges_updated=0 ranges_created=0 ranges_failed=0
ds4: REAP mask router modes bias_layers=40 hash_layers=0
ds4: CUDA backend initialized on NVIDIA GeForce RTX 3060 (sm_86)
ds4: [sparse-bake-runtime] result=guards-installed layers=43 sparse_layers=40 retained=6928 rejected=0
ds4: REAP mask applied path="embedded-bake:5b6d98504ba830c1a50945a93d1a6017b1956bd17c56df8c0b1bdf92c1564e97" pruned=4080 layers=40 bias_layers=40 ranges_updated=0 ranges_created=40 ranges_failed=0
ds4: REAP mask router modes bias_layers=40 hash_layers=0
ds4: CUDA loading model tensors into device cache
ds4: CUDA startup cache excluded 72.56 GiB of routed-expert tensors; sparse selected-expert transport owns residency
ds4: CUDA startup cache excluded 0.99 GiB token embedding table; row staging owns access
ds4: CUDA startup model cache prepared 7.21 GiB of tensor spans in 5.833s
ds4: cuda backend initialized for graph diagnostics
0716 10:34:38 ds4-server: context buffers 25.17 MiB (ctx=256, backend=cuda, prefill_chunk=256, raw_kv_rows=256, compressed_kv_rows=66)
ds4: CUDA dynamic arena ready 30.00 GiB, 4551 slots, 6.75 MiB/slot, available_ram=19.52 GiB bytes=32211468288 slot_bytes=7077888
0716 10:34:40 ds4-server: listening on http://127.0.0.1:8000
0716 10:34:41 ds4-server: chat ctx=0..43:43 prompt start
ds4: [prefill-mass] armed slots=4551 layers=3..42 router=unbiased residency=prefill-ranked policy=bulk-wrap
ds4: [prefill-mass-compose] hash_layers=3 hash_seed_entries=768 ranked_entries=3783 total_candidate=4551 capacity=4551 candidate_fnv1a64=89721b350e5fbc02 sparse_skipped_ranked=1579 mass_source=full-probability-normalized-per-token
ds4: [prefill-mass] finalize layers=40 rows_min=43 rows_max=43 routed_slots=10320 unique=10240 candidate=4551 capacity=4551 mass_total=1720.000000 mass_candidate=938.993003 mass_coverage=0.5459 cutoff=0.141082 router=unbiased residency=prefill-ranked policy=bulk-wrap
ds4: [arena] begin base=0 target=1 resident=4551 loads=4551 slots=4551
ds4: [arena] publish generation=1 loads=4551
ds4: [arena-wrap-profile] result=published schedule=source-parts source=mmap checksum=fnv1a64-worker-only loads=4551 workers=8 begin=0.007 copy_checksum=23.223 finish=0.000 publish=0.009 total=23.239 source_parts_copy=23.223 source_parts_checksum=0.000 parts=13653 copy_workers=8 checksum_workers=0 file_qd=1 file_qd_observed=1 file_submits=0 file_completions=0 file_failures=0
ds4: [prefill-mass-compose-mask] result=applied reason=ok layers=40 kept=3783 pruned=6457 semantics=request-scoped-closed base=embedded-sparse-bake existing_layers=40
ds4: [prefill-mass-wrap] result=published reason=ok candidate=4551 loads=4551 workers=8 seconds=23.239 snapshot_before=0 snapshot_after=1 resident_before=0 resident_after=4551 generation=1 preloaded=0 router=unbiased mask=request-scoped-closed
0716 10:35:23 ds4-server: chat ctx=0..43:43 prompt done 42.233s
ds4: CUDA embedding row staging ready (pinned host + device, 0.01 MiB)
ds4: expert tiering active mode=enforce policy=mass-lfru compose_prefill_mass_tiering=1 snapshot_generation=1 snapshot_backing_entries=4551 clock_calls=430 replacement_budget=16 min_frequency=3 hysteresis=1.25 entries=11008 ram_slots=4551
ds4: CUDA resident expert cache ready: 320/320 experts, 6.75 MiB/expert, 2.11 GiB total
ds4: CUDA GPU-resident route resolver active: exact miss worker, 320 slots
ds4: [gpu-route-debug] request seq=1 layer=0 misses=6
ds4: [gpu-route-debug] submit seq=1 layer=0
ds4: [gpu-route-debug] request seq=2 layer=1 misses=6
ds4: [gpu-route-debug] submit seq=2 layer=1
0716 10:35:34 ds4-server: chat ctx=0..43:43 gen=50 decoding chunk=4.59 t/s avg=4.59 t/s 10.890s
0716 10:35:37 ds4-server: chat ctx=0..43:43 gen=64 decoding chunk=4.42 t/s avg=4.55 t/s 14.056s
0716 10:35:37 ds4-server: chat ctx=0..43:43 gen=64 finish=length 56.306s
0716 10:35:37 ds4-server: benchmark request target reached; shutting down cleanly
0716 10:35:37 ds4-server: shutdown requested, draining requests
ds4: [gpu-resident-routes] final calls=2752 split_calls=0 all_hit=17 worker_jobs=2735 miss_experts=10981 errors=0 worker=1.631ms/job resolve=0.000ms/call wait=4.386ms/call queries=0 default_sync=0 no_default_sync=2752 cache_count=320 cache_calls=2752 cache_hits=5531 cache_misses=10981 cache_admissions=416 cache_evictions=96 direct_loads=0
ds4: [expert-tiering] final mode=enforce policy=mass-lfru compose_prefill_mass_tiering=1 snapshot_generation=1 snapshot_backing_entries=4551 snapshot_backing_hits=10981 snapshot_backing_misses=0 snapshot_to_vram_bytes=77722288128 forbidden_cold_ssd_to_vram=0 clock_calls=430 replacement_budget=16 min_frequency=3 hysteresis=1.25 calls=2752 selected=16512 cold=0 ram_hits=10981 vram_hits=5531 cold_to_ram=0 cold_to_vram=0 ram_to_warm=416 vram_promotions=416 vram_demotions=96 ram_evictions=0 ram_admit_skips=0 transient=10565 failures=0 ssd_bytes=0 ram_h2d_bytes=77722288128 policy_epochs=6 policy_free_promotions=320 policy_replacements=96 policy_min_frequency_skips=5276 policy_budget_skips=5289 policy_score_skips=0 states_ssd=6457 states_probation=4231 states_warm=0 states_vram=320 mass_sum=2954.71815 lfru_top=27.0855619
ds4: [prefill-mass-compose-mask] result=restored reason=ok where=request-end layers=40 kept=6160 pruned=4080 base=embedded-sparse-bake
ds4: [sparse-bake-runtime] result=summary route_calls=2795 route_slots=27606 rejected=0
