ds4: CUDA backend initialized on NVIDIA GeForce RTX 3060 (sm_86)
ds4: CUDA loading model tensors into device cache
ds4: CUDA startup cache deferred 71.14 GiB of tensor spans to on-demand streaming
ds4: CUDA startup model cache prepared 9.62 GiB of tensor spans in 5.065s
ds4: cuda backend initialized for graph diagnostics
0714 10:50:18 ds4-server: context buffers 25.17 MiB (ctx=256, backend=cuda, prefill_chunk=256, raw_kv_rows=256, compressed_kv_rows=66)
ds4: CUDA dynamic arena ready 30.00 GiB, 4551 slots, 6.75 MiB/slot, available_ram=18.40 GiB bytes=32211468288 slot_bytes=7077888
ds4: [arena-observe] armed window=64 min_hits=1 grow_interval=0 layers=3..42 router=unbiased residency-only
0714 10:50:22 ds4-server: listening on http://127.0.0.1:8000
0714 10:50:23 ds4-server: chat ctx=0..43:43 prompt start
ds4: [arena-carry] request=1 mode=prime snapshot=0 resident=0 lookup=enabled observer=learning
ds4: CUDA loading model tensors 9.09 GiB cached
ds4: CUDA q8 fp16 cache budget exhausted; using q8 kernels (request=8.00 MiB cached=0.00 GiB free=1.35 GiB reserve=4.00 GiB total=12.00 GiB)
ds4: CUDA loading model tensors 8.24 GiB cached
ds4: [arena-observe] armed window=64 min_hits=1 grow_interval=0 layers=3..42 router=unbiased residency-only
0714 10:50:43 ds4-server: chat ctx=0..43:43 prompt done 20.382s
ds4: CUDA loading model tensors 7.95 GiB cached
0714 10:51:22 ds4-server: chat ctx=0..43:43 gen=50 decoding chunk=1.28 t/s avg=1.28 t/s 39.067s
ds4: [arena] begin base=0 target=3577 resident=3576 loads=0 slots=4551
ds4: [arena] publish generation=3577 loads=0
ds4: [arena-observe] WRAP published tokens=64 resident=3576 loads=0 workers=0 seconds=0.004 generation=3577 preloaded=3576 mirror=23.57 GiB verify_workers=8 verify_seconds=3.048
ds4: [arena-observe] window complete tokens=64 resident=3576 growths=0 result=published settled
ds4: CUDA loading model tensors 8.12 GiB cached
0714 10:51:47 ds4-server: chat ctx=0..43:43 gen=100 decoding chunk=2.03 t/s avg=1.57 t/s 63.665s
0714 10:52:00 ds4-server: chat ctx=0..43:43 gen=150 decoding chunk=3.82 t/s avg=1.95 t/s 76.763s
0714 10:52:13 ds4-server: chat ctx=0..43:43 gen=200 decoding chunk=3.93 t/s avg=2.24 t/s 89.475s
0714 10:52:16 ds4-server: chat ctx=0..43:43 gen=213 decoding chunk=3.93 t/s avg=2.30 t/s 92.786s
0714 10:52:16 ds4-server: chat ctx=0..43:43 gen=213 finish=length 113.183s
0714 10:52:16 ds4-server: chat ctx=0..43:43 prompt start
ds4: [arena-carry] request=2 mode=keep snapshot=3577 resident=3576 lookup=enabled observer=frozen
ds4: CUDA loading model tensors 8.10 GiB cached
0714 10:52:22 ds4-server: chat ctx=0..43:43 prompt done 6.019s
0714 10:52:32 ds4-server: chat ctx=0..43:43 gen=50 decoding chunk=5.00 t/s avg=5.00 t/s 9.995s
ds4: CUDA loading model tensors 8.13 GiB cached
0714 10:52:43 ds4-server: chat ctx=0..43:43 gen=100 decoding chunk=4.45 t/s avg=4.71 t/s 21.230s
0714 10:52:56 ds4-server: chat ctx=0..43:43 gen=150 decoding chunk=3.97 t/s avg=4.43 t/s 33.839s
0714 10:53:08 ds4-server: chat ctx=0..43:43 gen=200 decoding chunk=4.06 t/s avg=4.33 t/s 46.149s
0714 10:53:11 ds4-server: chat ctx=0..43:43 gen=213 decoding chunk=4.17 t/s avg=4.32 t/s 49.267s
0714 10:53:11 ds4-server: chat ctx=0..43:43 gen=213 finish=length 55.301s
0714 10:53:11 ds4-server: benchmark request target reached; shutting down cleanly
0714 10:53:11 ds4-server: shutdown requested, draining requests
ds4: [arena] final hits=72998 misses=23468 fatal=0 uploaded=481.19 GiB
