ds4: CUDA backend initialized on NVIDIA GeForce RTX 3060 (sm_86)
ds4: CUDA loading model tensors into device cache
ds4: CUDA startup cache deferred 71.14 GiB of tensor spans to on-demand streaming
ds4: CUDA startup model cache prepared 9.62 GiB of tensor spans in 2.193s
ds4: cuda backend initialized for graph diagnostics
0714 15:31:11 ds4-server: context buffers 25.17 MiB (ctx=256, backend=cuda, prefill_chunk=256, raw_kv_rows=256, compressed_kv_rows=66)
ds4: CUDA dynamic arena ready 2.00 GiB, 303 slots, 6.75 MiB/slot, available_ram=46.70 GiB bytes=2144600064 slot_bytes=7077888
0714 15:31:11 ds4-server: listening on http://127.0.0.1:8025
0714 15:31:12 ds4-server: chat ctx=0..17:17 prompt start
ds4: [prefill-mass] armed slots=303 layers=3..42 router=unbiased residency=unchanged policy=observe-only
ds4: CUDA q8 fp16 cache budget exhausted; using q8 kernels (request=8.00 MiB cached=0.00 GiB free=1.41 GiB reserve=4.00 GiB total=12.00 GiB)
ds4: [prefill-mass] finalize layers=40 rows_min=17 rows_max=17 routed_slots=4080 unique=1980 candidate=303 capacity=303 mass_total=1020.000002 mass_candidate=510.292727 mass_coverage=0.5003 cutoff=0.909008 router=unbiased residency=unchanged policy=observe-only
0714 15:31:16 ds4-server: chat ctx=0..17:17 prompt done 4.350s
ds4: [prefill-mass] decode reason=checkpoint tokens=1 slots=240 candidate_hits=90 hit_rate=0.3750 policy=observe-only
ds4: [prefill-mass] decode reason=checkpoint tokens=2 slots=480 candidate_hits=170 hit_rate=0.3542 policy=observe-only
ds4: [prefill-mass] decode reason=checkpoint tokens=4 slots=960 candidate_hits=297 hit_rate=0.3094 policy=observe-only
ds4: [prefill-mass] decode reason=checkpoint tokens=8 slots=1920 candidate_hits=572 hit_rate=0.2979 policy=observe-only
0714 15:31:22 ds4-server: chat ctx=0..17:17 gen=16 decoding chunk=2.82 t/s avg=2.82 t/s 5.671s
0714 15:31:22 ds4-server: chat ctx=0..17:17 gen=16 finish=length 10.040s
0714 15:31:22 ds4-server: benchmark request target reached; shutting down cleanly
0714 15:31:22 ds4-server: shutdown requested, draining requests
ds4: [prefill-mass] decode reason=request-end tokens=15 slots=3840 candidate_hits=990 hit_rate=0.2578 policy=observe-only
