ds4: CUDA backend initialized on NVIDIA GeForce RTX 3060 (sm_86)
ds4: CUDA sequential WRAP model-file source enabled
ds4: CUDA loading model tensors into device cache
ds4: CUDA startup cache excluded 72.56 GiB of routed-expert tensors; dedicated expert cache owns residency
ds4: CUDA startup cache excluded 0.99 GiB token embedding table; row staging owns access
ds4: CUDA startup model cache prepared 7.21 GiB of tensor spans in 5.069s
ds4: cuda backend initialized for graph diagnostics
0716 07:22:18 ds4-server: context buffers 25.17 MiB (ctx=256, backend=cuda, prefill_chunk=256, raw_kv_rows=256, compressed_kv_rows=66)
ds4: CUDA dynamic arena ready 30.00 GiB, 4551 slots, 6.75 MiB/slot, available_ram=16.75 GiB bytes=32211468288 slot_bytes=7077888
0716 07:22:23 ds4-server: listening on http://127.0.0.1:8000
0716 07:22:24 ds4-server: chat ctx=0..43:43 prompt start
ds4: [prefill-mass] armed slots=4551 layers=3..42 router=unbiased residency=prefill-ranked policy=bulk-wrap
ds4: [prefill-mass-layer-stripe] result=applied stride=5 phase=0 routed_layers=40 full_layers=8 partial_layers=32 full_keep=256 partial_keep_min=54 partial_keep_max=55 routed_candidate=3783 total_candidate=4551 capacity=4551 semantics=budget-preserving
ds4: [prefill-mass-compose] hash_layers=3 hash_seed_entries=768 ranked_entries=3783 total_candidate=4551 capacity=4551 candidate_fnv1a64=20264fd9399752e0 mass_source=full-probability-normalized-per-token
ds4: [prefill-mass] finalize layers=40 rows_min=43 rows_max=43 routed_slots=10320 unique=10240 candidate=4551 capacity=4551 mass_total=1720.000000 mass_candidate=906.850979 mass_coverage=0.5272 cutoff=0.005055 router=unbiased residency=prefill-ranked policy=bulk-wrap
ds4: [arena] begin base=0 target=1 resident=4551 loads=4551 slots=4551
ds4: [arena] publish generation=1 loads=4551
ds4: [arena-wrap-profile] result=published schedule=source-parts source=sequential-file checksum=fnv1a64-worker-only loads=4551 workers=1 begin=0.006 copy_checksum=32.521 finish=0.000 publish=0.005 total=32.532 source_parts_copy=32.521 source_parts_checksum=0.000 parts=13653 copy_workers=1 checksum_workers=0 file_qd=8 file_qd_observed=8 file_submits=13653 file_completions=13653 file_failures=0
ds4: [prefill-mass-compose-mask] result=applied reason=ok layers=40 kept=3783 pruned=6457 semantics=request-scoped-closed
ds4: [prefill-mass-wrap] result=published reason=ok candidate=4551 loads=4551 workers=1 seconds=32.532 snapshot_before=0 snapshot_after=1 resident_before=0 resident_after=4551 generation=1 preloaded=0 router=unbiased mask=request-scoped-closed
0716 07:23:19 ds4-server: chat ctx=0..43:43 prompt done 55.450s
ds4: CUDA embedding row staging ready (pinned host + device, 0.01 MiB)
ds4: expert tiering active mode=enforce policy=mass-lfru compose_prefill_mass_tiering=1 snapshot_generation=1 snapshot_backing_entries=4551 clock_calls=430 replacement_budget=16 min_frequency=3 hysteresis=1.25 entries=11008 ram_slots=4551
ds4: CUDA resident expert cache ready: 320/320 experts, 6.75 MiB/expert, 2.11 GiB total
ds4: CUDA GPU-resident route resolver active: exact miss worker, 320 slots
ds4: [gpu-route-debug] request seq=1 layer=0 misses=6
ds4: [gpu-route-debug] submit seq=1 layer=0
ds4: [gpu-route-debug] request seq=2 layer=1 misses=6
ds4: [gpu-route-debug] submit seq=2 layer=1
0716 07:23:30 ds4-server: chat ctx=0..43:43 gen=50 decoding chunk=4.61 t/s avg=4.61 t/s 10.857s
0716 07:23:33 ds4-server: chat ctx=0..43:43 gen=64 decoding chunk=4.42 t/s avg=4.56 t/s 14.024s
0716 07:23:33 ds4-server: chat ctx=0..43:43 gen=64 finish=length 69.493s
0716 07:23:33 ds4-server: benchmark request target reached; shutting down cleanly
0716 07:23:33 ds4-server: shutdown requested, draining requests
ds4: [gpu-resident-routes] final calls=2752 split_calls=0 all_hit=18 worker_jobs=2734 miss_experts=10751 errors=0 worker=1.606ms/job resolve=0.000ms/call wait=4.509ms/call queries=0 default_sync=0 no_default_sync=2752
ds4: [expert-tiering] final mode=enforce policy=mass-lfru compose_prefill_mass_tiering=1 snapshot_generation=1 snapshot_backing_entries=4551 snapshot_backing_hits=10751 snapshot_backing_misses=0 snapshot_to_vram_bytes=76094373888 forbidden_cold_ssd_to_vram=0 clock_calls=430 replacement_budget=16 min_frequency=3 hysteresis=1.25 calls=2752 selected=16512 cold=0 ram_hits=10751 vram_hits=5761 cold_to_ram=0 cold_to_vram=0 ram_to_warm=416 vram_promotions=416 vram_demotions=96 ram_evictions=0 ram_admit_skips=0 transient=10335 failures=0 ssd_bytes=0 ram_h2d_bytes=76094373888 policy_epochs=6 policy_free_promotions=320 policy_replacements=96 policy_min_frequency_skips=4708 policy_budget_skips=5622 policy_score_skips=5 states_ssd=6457 states_probation=4231 states_warm=0 states_vram=320 mass_sum=2893.05032 lfru_top=34.2482467
